2026-08-05 14:03:47 | INFO     | app.main:lifespan:40 - 应用启动中...
2026-08-05 14:03:47 | INFO     | app.main:lifespan:42 - 应用启动完成，开始接收请求
2026-08-05 14:04:02 | DEBUG    | app.auth.api:me:61 - 查询当前用户: lisi
2026-08-05 14:04:11 | INFO     | app.api.chat_stream:chat_stream:65 - [chat/stream] user=lisi query=美国站卖户外家具的FBA卖家 thread_id=8565685c-3147-48d6-8d36-6c3d2748627c
2026-08-05 14:04:58 | INFO     | app.main:lifespan:44 - 应用关闭
2026-08-05 14:04:58 | INFO     | app.main:lifespan:40 - 应用启动中...
2026-08-05 14:04:58 | INFO     | app.main:lifespan:42 - 应用启动完成，开始接收请求
2026-08-05 14:04:58 | DEBUG    | app.auth.api:me:61 - 查询当前用户: lisi
2026-08-05 14:07:23 | DEBUG    | app.auth.api:me:61 - 查询当前用户: lisi
2026-08-05 14:07:30 | DEBUG    | app.auth.api:me:61 - 查询当前用户: lisi
2026-08-05 14:07:36 | INFO     | app.api.chat_stream:chat_stream:65 - [chat/stream] user=lisi query=美国站卖户外家具的FBA卖家 thread_id=8565685c-3147-48d6-8d36-6c3d2748627c
2026-08-05 14:07:37 | INFO     | app.api.chat_stream:_run_stream_graph:36 - [stream-graph] 开始: thread=8565685c-3147-48d6-8d36-6c3d2748627c category=outdoor furniture market=amazon.com
2026-08-05 14:07:37 | INFO     | app.agent.v2.nodes:check_cache:73 - [check_cache] 命中: marketplace=amazon.com sellers=10
2026-08-05 14:07:43 | INFO     | app.agent.v2.nodes:score_sellers:238 - [score_sellers] 评分 10 个卖家
2026-08-05 14:07:43 | INFO     | app.agent.v2.nodes:lookup_contacts:263 - [lookup_contacts] 10 sellers, 5 中国卖家待查
2026-08-05 14:07:44 | ERROR    | app.api.chat_stream:_run_stream_graph:45 - [stream-graph] 失败: thread=8565685c-3147-48d6-8d36-6c3d2748627c error='Settings' object has no attribute 'qichacha_secret_key'
2026-08-05 14:09:21 | INFO     | app.main:lifespan:44 - 应用关闭
2026-08-05 14:09:22 | INFO     | app.main:lifespan:40 - 应用启动中...
2026-08-05 14:09:22 | INFO     | app.main:lifespan:42 - 应用启动完成，开始接收请求
2026-08-05 14:09:33 | INFO     | app.auth.api:login:47 - 登录请求: username=guoxi
2026-08-05 14:09:34 | INFO     | app.auth.api:login:55 - 登录成功: guoxi (super=True)
2026-08-05 14:09:34 | DEBUG    | app.auth.security:create_access_token:22 - 签发 token: sub=8cc6c513-18d7-458a-ac9e-bef97fc4a8aa
2026-08-05 14:09:34 | DEBUG    | app.auth.api:me:61 - 查询当前用户: guoxi
2026-08-05 14:09:34 | DEBUG    | app.auth.api:me:61 - 查询当前用户: guoxi
2026-08-05 14:09:51 | INFO     | app.api.chat_stream:chat_stream:65 - [chat/stream] user=guoxi query=美国站卖户外家具的FBA卖家且卖家 thread_id=9d59d859-6b67-41e0-9986-a5362ee18e82
2026-08-05 14:09:53 | INFO     | app.api.chat_stream:_run_stream_graph:36 - [stream-graph] 开始: thread=9d59d859-6b67-41e0-9986-a5362ee18e82 category=outdoor furniture market=amazon.com
2026-08-05 14:09:53 | INFO     | app.agent.v2.nodes:check_cache:73 - [check_cache] 命中: marketplace=amazon.com sellers=10
2026-08-05 14:09:59 | INFO     | app.agent.v2.nodes:score_sellers:238 - [score_sellers] 评分 10 个卖家
2026-08-05 14:09:59 | INFO     | app.agent.v2.nodes:lookup_contacts:263 - [lookup_contacts] 10 sellers, 5 中国卖家待查
2026-08-05 14:10:05 | INFO     | app.api.chat_stream:_run_stream_graph:43 - [stream-graph] 完成: thread=9d59d859-6b67-41e0-9986-a5362ee18e82
2026-08-05 14:28:18 | INFO     | app.main:lifespan:44 - 应用关闭
2026-08-05 14:28:19 | INFO     | app.main:lifespan:40 - 应用启动中...
2026-08-05 14:28:19 | INFO     | app.main:lifespan:42 - 应用启动完成，开始接收请求
2026-08-05 14:28:45 | INFO     | app.main:lifespan:44 - 应用关闭
2026-08-05 14:28:46 | INFO     | app.main:lifespan:40 - 应用启动中...
2026-08-05 14:28:46 | INFO     | app.main:lifespan:42 - 应用启动完成，开始接收请求
2026-08-05 14:35:15 | INFO     | app.auth.api:login:47 - 登录请求: username=guoxi
2026-08-05 14:35:15 | INFO     | app.auth.api:login:55 - 登录成功: guoxi (super=True)
2026-08-05 14:35:15 | DEBUG    | app.auth.security:create_access_token:22 - 签发 token: sub=8cc6c513-18d7-458a-ac9e-bef97fc4a8aa
2026-08-05 14:35:16 | DEBUG    | app.auth.api:me:61 - 查询当前用户: guoxi
2026-08-05 14:35:16 | DEBUG    | app.auth.api:me:61 - 查询当前用户: guoxi
2026-08-05 14:35:23 | INFO     | app.api.chat_stream:chat_stream:65 - [chat/stream] user=guoxi query=美国站卖户外家具的FBA卖家且卖家 thread_id=9d59d859-6b67-41e0-9986-a5362ee18e82
2026-08-05 14:35:24 | INFO     | app.api.chat_stream:_run_stream_graph:36 - [stream-graph] 开始: thread=9d59d859-6b67-41e0-9986-a5362ee18e82 category=outdoor furniture market=amazon.com
2026-08-05 14:35:24 | INFO     | app.agent.v2.nodes:check_cache:73 - [check_cache] 命中: marketplace=amazon.com sellers=10
2026-08-05 14:35:30 | INFO     | app.agent.v2.nodes:score_sellers:238 - [score_sellers] 评分 10 个卖家
2026-08-05 14:35:30 | INFO     | app.agent.v2.nodes:lookup_contacts:263 - [lookup_contacts] 10 sellers, 5 中国卖家待查
2026-08-05 14:35:36 | INFO     | app.api.chat_stream:_run_stream_graph:43 - [stream-graph] 完成: thread=9d59d859-6b67-41e0-9986-a5362ee18e82
2026-08-05 14:38:02 | INFO     | app.main:lifespan:44 - 应用关闭
2026-08-05 14:38:03 | INFO     | app.main:lifespan:40 - 应用启动中...
2026-08-05 14:38:03 | INFO     | app.main:lifespan:42 - 应用启动完成，开始接收请求
2026-08-05 14:38:06 | INFO     | app.main:lifespan:44 - 应用关闭
2026-08-05 14:38:06 | INFO     | app.main:lifespan:40 - 应用启动中...
2026-08-05 14:38:06 | INFO     | app.main:lifespan:42 - 应用启动完成，开始接收请求
2026-08-05 14:38:09 | INFO     | app.main:lifespan:44 - 应用关闭
2026-08-05 14:38:09 | INFO     | app.main:lifespan:40 - 应用启动中...
2026-08-05 14:38:09 | INFO     | app.main:lifespan:42 - 应用启动完成，开始接收请求
2026-08-05 14:38:34 | INFO     | app.main:lifespan:44 - 应用关闭
2026-08-05 14:38:35 | INFO     | app.main:lifespan:40 - 应用启动中...
2026-08-05 14:38:35 | INFO     | app.main:lifespan:42 - 应用启动完成，开始接收请求
2026-08-05 14:38:35 | INFO     | app.main:lifespan:44 - 应用关闭
2026-08-05 14:38:35 | INFO     | app.main:lifespan:40 - 应用启动中...
2026-08-05 14:38:35 | INFO     | app.main:lifespan:42 - 应用启动完成，开始接收请求
2026-08-05 14:38:37 | INFO     | app.main:lifespan:44 - 应用关闭
2026-08-05 14:38:37 | INFO     | app.main:lifespan:40 - 应用启动中...
2026-08-05 14:38:37 | INFO     | app.main:lifespan:42 - 应用启动完成，开始接收请求
2026-08-05 14:38:38 | INFO     | app.main:lifespan:44 - 应用关闭
2026-08-05 14:38:39 | INFO     | app.main:lifespan:40 - 应用启动中...
2026-08-05 14:38:39 | INFO     | app.main:lifespan:42 - 应用启动完成，开始接收请求
2026-08-05 14:38:40 | INFO     | app.main:lifespan:44 - 应用关闭
2026-08-05 14:38:40 | INFO     | app.main:lifespan:40 - 应用启动中...
2026-08-05 14:38:40 | INFO     | app.main:lifespan:42 - 应用启动完成，开始接收请求
2026-08-05 14:38:43 | INFO     | app.main:lifespan:44 - 应用关闭
2026-08-05 14:38:43 | INFO     | app.main:lifespan:40 - 应用启动中...
2026-08-05 14:38:43 | INFO     | app.main:lifespan:42 - 应用启动完成，开始接收请求
2026-08-05 14:38:43 | INFO     | app.main:lifespan:44 - 应用关闭
2026-08-05 14:38:44 | INFO     | app.main:lifespan:40 - 应用启动中...
2026-08-05 14:38:44 | INFO     | app.main:lifespan:42 - 应用启动完成，开始接收请求
2026-08-05 14:38:46 | INFO     | app.main:lifespan:44 - 应用关闭
2026-08-05 14:38:46 | INFO     | app.main:lifespan:40 - 应用启动中...
2026-08-05 14:38:46 | INFO     | app.main:lifespan:42 - 应用启动完成，开始接收请求
2026-08-05 14:39:00 | INFO     | app.main:lifespan:44 - 应用关闭
2026-08-05 14:39:01 | INFO     | app.main:lifespan:40 - 应用启动中...
2026-08-05 14:39:01 | INFO     | app.main:lifespan:42 - 应用启动完成，开始接收请求
2026-08-05 14:39:03 | INFO     | app.main:lifespan:44 - 应用关闭
2026-08-05 14:39:03 | INFO     | app.main:lifespan:40 - 应用启动中...
2026-08-05 14:39:03 | INFO     | app.main:lifespan:42 - 应用启动完成，开始接收请求
2026-08-05 14:41:53 | INFO     | app.api.chat_stream:chat_stream:65 - [chat/stream] user=guoxi query=美国站卖户外家具的FBA卖家且卖家 thread_id=9d59d859-6b67-41e0-9986-a5362ee18e82
2026-08-05 14:41:54 | INFO     | app.api.chat_stream:_run_stream_graph:36 - [stream-graph] 开始: thread=9d59d859-6b67-41e0-9986-a5362ee18e82 category=outdoor furniture market=amazon.com
2026-08-05 14:41:54 | INFO     | app.agent.v2.nodes:check_cache:111 - [check_cache] 命中: marketplace=amazon.com sellers=10
2026-08-05 14:42:00 | INFO     | app.agent.v2.nodes:score_sellers:292 - [score_sellers] 评分 10 个卖家
2026-08-05 14:42:00 | INFO     | app.agent.v2.nodes:lookup_contacts:324 - [lookup_contacts] 10 sellers, 5 中国卖家待查
2026-08-05 14:42:07 | INFO     | app.api.chat_stream:_run_stream_graph:43 - [stream-graph] 完成: thread=9d59d859-6b67-41e0-9986-a5362ee18e82
2026-08-05 14:43:06 | INFO     | app.api.chat_stream:chat_stream:65 - [chat/stream] user=guoxi query=美国站卖户外家具的FBA卖家且卖家 thread_id=9d59d859-6b67-41e0-9986-a5362ee18e82
2026-08-05 14:43:07 | INFO     | app.memory.compressor:maybe_compress:107 - [compressor] 触发压缩: session=9d59d859-6b67-41e0-9986-a5362ee18e82
2026-08-05 14:43:08 | INFO     | app.api.chat_stream:_run_stream_graph:36 - [stream-graph] 开始: thread=9d59d859-6b67-41e0-9986-a5362ee18e82 category=outdoor furniture market=amazon.com
2026-08-05 14:43:08 | INFO     | app.agent.v2.nodes:check_cache:111 - [check_cache] 命中: marketplace=amazon.com sellers=10
2026-08-05 14:43:13 | INFO     | app.agent.v2.nodes:score_sellers:292 - [score_sellers] 评分 10 个卖家
2026-08-05 14:43:13 | INFO     | app.agent.v2.nodes:lookup_contacts:324 - [lookup_contacts] 10 sellers, 5 中国卖家待查
2026-08-05 14:43:20 | INFO     | app.api.chat_stream:_run_stream_graph:43 - [stream-graph] 完成: thread=9d59d859-6b67-41e0-9986-a5362ee18e82
2026-08-05 14:47:03 | INFO     | app.api.chat_stream:chat_stream:65 - [chat/stream] user=guoxi query=美国站卖户外家具的FBA卖家且卖家 thread_id=9d59d859-6b67-41e0-9986-a5362ee18e82
2026-08-05 14:47:04 | INFO     | app.api.chat_stream:_run_stream_graph:36 - [stream-graph] 开始: thread=9d59d859-6b67-41e0-9986-a5362ee18e82 category=outdoor furniture market=amazon.com
2026-08-05 14:47:04 | INFO     | app.agent.v2.nodes:check_cache:111 - [check_cache] 命中: marketplace=amazon.com sellers=10
2026-08-05 14:47:09 | INFO     | app.agent.v2.nodes:score_sellers:292 - [score_sellers] 评分 10 个卖家
2026-08-05 14:47:09 | INFO     | app.agent.v2.nodes:lookup_contacts:324 - [lookup_contacts] 10 sellers, 5 中国卖家待查
2026-08-05 14:47:15 | INFO     | app.api.chat_stream:_run_stream_graph:43 - [stream-graph] 完成: thread=9d59d859-6b67-41e0-9986-a5362ee18e82
2026-08-05 14:50:47 | DEBUG    | app.auth.api:me:61 - 查询当前用户: guoxi
2026-08-05 14:53:21 | DEBUG    | app.auth.api:me:61 - 查询当前用户: guoxi
2026-08-05 15:08:33 | INFO     | app.main:lifespan:44 - 应用关闭
2026-08-05 15:08:34 | INFO     | app.main:lifespan:40 - 应用启动中...
2026-08-05 15:08:34 | INFO     | app.main:lifespan:42 - 应用启动完成，开始接收请求
2026-08-05 15:08:41 | INFO     | app.main:lifespan:44 - 应用关闭
2026-08-05 15:08:41 | INFO     | app.main:lifespan:40 - 应用启动中...
2026-08-05 15:08:41 | INFO     | app.main:lifespan:42 - 应用启动完成，开始接收请求
2026-08-05 15:09:00 | INFO     | app.main:lifespan:44 - 应用关闭
2026-08-05 15:09:00 | INFO     | app.main:lifespan:40 - 应用启动中...
2026-08-05 15:09:00 | INFO     | app.main:lifespan:42 - 应用启动完成，开始接收请求
2026-08-05 15:09:17 | INFO     | app.main:lifespan:44 - 应用关闭
2026-08-05 15:09:17 | INFO     | app.main:lifespan:40 - 应用启动中...
2026-08-05 15:09:17 | INFO     | app.main:lifespan:42 - 应用启动完成，开始接收请求
2026-08-05 15:09:34 | INFO     | app.main:lifespan:44 - 应用关闭
2026-08-05 15:09:34 | INFO     | app.main:lifespan:40 - 应用启动中...
2026-08-05 15:09:34 | INFO     | app.main:lifespan:42 - 应用启动完成，开始接收请求
2026-08-05 15:09:49 | INFO     | app.main:lifespan:44 - 应用关闭
2026-08-05 15:09:50 | INFO     | app.main:lifespan:40 - 应用启动中...
2026-08-05 15:09:50 | INFO     | app.main:lifespan:42 - 应用启动完成，开始接收请求
2026-08-05 15:10:12 | INFO     | app.main:lifespan:44 - 应用关闭
2026-08-05 15:10:13 | INFO     | app.main:lifespan:40 - 应用启动中...
2026-08-05 15:10:13 | INFO     | app.main:lifespan:42 - 应用启动完成，开始接收请求
2026-08-05 15:10:35 | INFO     | app.main:lifespan:44 - 应用关闭
2026-08-05 15:10:36 | INFO     | app.main:lifespan:40 - 应用启动中...
2026-08-05 15:10:36 | INFO     | app.main:lifespan:42 - 应用启动完成，开始接收请求
2026-08-05 15:10:53 | INFO     | app.main:lifespan:44 - 应用关闭
2026-08-05 15:10:53 | INFO     | app.main:lifespan:40 - 应用启动中...
2026-08-05 15:10:53 | INFO     | app.main:lifespan:42 - 应用启动完成，开始接收请求
2026-08-05 15:11:07 | INFO     | app.main:lifespan:44 - 应用关闭
2026-08-05 15:11:08 | INFO     | app.main:lifespan:40 - 应用启动中...
2026-08-05 15:11:08 | INFO     | app.main:lifespan:42 - 应用启动完成，开始接收请求
2026-08-05 15:11:43 | DEBUG    | app.auth.api:me:61 - 查询当前用户: guoxi
2026-08-05 15:11:51 | INFO     | app.api.chat_stream:chat_stream:65 - [chat/stream] user=guoxi query=美国站卖户外家具的FBA卖家且卖家 thread_id=9d59d859-6b67-41e0-9986-a5362ee18e82
2026-08-05 15:11:52 | INFO     | app.api.chat_stream:_run_stream_graph:36 - [stream-graph] 开始: thread=9d59d859-6b67-41e0-9986-a5362ee18e82 category=outdoor furniture market=amazon.com
2026-08-05 15:11:52 | INFO     | app.agent.v2.nodes:check_cache:114 - [check_cache] 命中: marketplace=amazon.com sellers=10
2026-08-05 15:11:57 | INFO     | app.agent.v2.nodes:score_sellers:295 - [score_sellers] 评分 10 个卖家
2026-08-05 15:11:57 | INFO     | app.agent.v2.nodes:lookup_contacts:327 - [lookup_contacts] 10 sellers, 5 中国卖家待查
2026-08-05 15:12:04 | INFO     | app.api.chat_stream:_run_stream_graph:43 - [stream-graph] 完成: thread=9d59d859-6b67-41e0-9986-a5362ee18e82
2026-08-05 15:15:49 | DEBUG    | app.auth.api:me:61 - 查询当前用户: guoxi
2026-08-05 15:26:20 | INFO     | app.api.chat_stream:chat_stream:65 - [chat/stream] user=guoxi query=美国站卖户外家具的卖家 thread_id=9d59d859-6b67-41e0-9986-a5362ee18e82
2026-08-05 15:26:21 | INFO     | app.api.chat_stream:_run_stream_graph:36 - [stream-graph] 开始: thread=9d59d859-6b67-41e0-9986-a5362ee18e82 category=outdoor furniture market=amazon.com
2026-08-05 15:26:21 | INFO     | app.agent.v2.nodes:check_cache:114 - [check_cache] 命中: marketplace=amazon.com sellers=10
2026-08-05 15:26:26 | INFO     | app.agent.v2.nodes:score_sellers:295 - [score_sellers] 评分 10 个卖家
2026-08-05 15:26:26 | INFO     | app.agent.v2.nodes:lookup_contacts:327 - [lookup_contacts] 10 sellers, 5 中国卖家待查
2026-08-05 15:26:33 | INFO     | app.api.chat_stream:_run_stream_graph:43 - [stream-graph] 完成: thread=9d59d859-6b67-41e0-9986-a5362ee18e82
2026-08-05 15:27:08 | INFO     | app.main:lifespan:44 - 应用关闭
2026-08-05 15:27:09 | INFO     | app.main:lifespan:40 - 应用启动中...
2026-08-05 15:27:09 | INFO     | app.main:lifespan:42 - 应用启动完成，开始接收请求
2026-08-05 15:27:12 | INFO     | app.api.chat_stream:chat_stream:65 - [chat/stream] user=guoxi query=美国站卖户外家具的卖家 thread_id=9d59d859-6b67-41e0-9986-a5362ee18e82
2026-08-05 15:27:13 | INFO     | app.api.chat_stream:_run_stream_graph:36 - [stream-graph] 开始: thread=9d59d859-6b67-41e0-9986-a5362ee18e82 category=outdoor furniture market=amazon.com
2026-08-05 15:27:14 | INFO     | app.agent.v2.nodes:check_cache:114 - [check_cache] 命中: marketplace=amazon.com sellers=10
2026-08-05 15:27:18 | DEBUG    | app.auth.api:me:61 - 查询当前用户: guoxi
2026-08-05 15:27:19 | INFO     | app.agent.v2.nodes:score_sellers:295 - [score_sellers] 评分 10 个卖家
2026-08-05 15:27:19 | INFO     | app.agent.v2.nodes:lookup_contacts:327 - [lookup_contacts] 10 sellers, 5 中国卖家待查
2026-08-05 15:27:26 | INFO     | app.api.chat_stream:_run_stream_graph:43 - [stream-graph] 完成: thread=9d59d859-6b67-41e0-9986-a5362ee18e82
2026-08-05 15:27:39 | INFO     | app.main:lifespan:40 - 应用启动中...
2026-08-05 15:27:39 | INFO     | app.main:lifespan:42 - 应用启动完成，开始接收请求
2026-08-05 15:27:56 | INFO     | app.api.chat_stream:chat_stream:65 - [chat/stream] user=guoxi query=美国站卖户外家具的卖家 thread_id=9d59d859-6b67-41e0-9986-a5362ee18e82
2026-08-05 15:27:58 | INFO     | app.api.chat_stream:_run_stream_graph:36 - [stream-graph] 开始: thread=9d59d859-6b67-41e0-9986-a5362ee18e82 category=outdoor furniture market=amazon.com
2026-08-05 15:27:58 | INFO     | app.agent.v2.nodes:check_cache:114 - [check_cache] 命中: marketplace=amazon.com sellers=10
2026-08-05 15:28:01 | DEBUG    | app.auth.api:me:61 - 查询当前用户: guoxi
2026-08-05 15:28:04 | INFO     | app.agent.v2.nodes:score_sellers:295 - [score_sellers] 评分 10 个卖家
2026-08-05 15:28:04 | INFO     | app.agent.v2.nodes:lookup_contacts:327 - [lookup_contacts] 10 sellers, 5 中国卖家待查
2026-08-05 15:28:10 | INFO     | app.api.chat_stream:_run_stream_graph:43 - [stream-graph] 完成: thread=9d59d859-6b67-41e0-9986-a5362ee18e82
2026-08-05 15:28:13 | INFO     | app.main:lifespan:44 - 应用关闭
2026-08-05 15:37:32 | INFO     | app.main:lifespan:40 - 应用启动中...
2026-08-05 15:37:32 | INFO     | app.main:lifespan:42 - 应用启动完成，开始接收请求
2026-08-05 15:37:39 | DEBUG    | app.auth.api:me:61 - 查询当前用户: guoxi
2026-08-05 15:37:49 | INFO     | app.api.chat_stream:chat_stream:83 - [chat/stream] user=guoxi query=美国站卖户外家具的卖家 thread_id=9d59d859-6b67-41e0-9986-a5362ee18e82
2026-08-05 15:37:50 | INFO     | app.memory.compressor:maybe_compress:107 - [compressor] 触发压缩: session=9d59d859-6b67-41e0-9986-a5362ee18e82
2026-08-05 15:37:52 | INFO     | app.api.chat_stream:_run_stream_graph:42 - [stream-graph] 开始: thread=9d59d859-6b67-41e0-9986-a5362ee18e82 category=outdoor furniture market=amazon.com
2026-08-05 15:37:52 | INFO     | app.agent.v2.nodes:check_cache:114 - [check_cache] 命中: marketplace=amazon.com sellers=10
2026-08-05 15:37:58 | INFO     | app.agent.v2.nodes:score_sellers:295 - [score_sellers] 评分 10 个卖家
2026-08-05 15:37:58 | INFO     | app.agent.v2.nodes:lookup_contacts:327 - [lookup_contacts] 10 sellers, 5 中国卖家待查
2026-08-05 15:38:00 | INFO     | app.api.chat_stream:cancel_stream:177 - [chat/stream] 已请求取消: thread=9d59d859-6b67-41e0-9986-a5362ee18e82
2026-08-05 15:38:00 | INFO     | app.api.chat_stream:_run_stream_graph:51 - [stream-graph] 被用户取消: thread=9d59d859-6b67-41e0-9986-a5362ee18e82
2026-08-05 15:38:04 | DEBUG    | app.auth.api:me:61 - 查询当前用户: guoxi
2026-08-05 15:38:08 | INFO     | app.api.chat_stream:chat_stream:83 - [chat/stream] user=guoxi query=美国站卖户外家具的卖家 thread_id=9d59d859-6b67-41e0-9986-a5362ee18e82
2026-08-05 15:38:09 | INFO     | app.api.chat_stream:_run_stream_graph:42 - [stream-graph] 开始: thread=9d59d859-6b67-41e0-9986-a5362ee18e82 category=outdoor furniture market=amazon.com
2026-08-05 15:38:09 | INFO     | app.agent.v2.nodes:check_cache:114 - [check_cache] 命中: marketplace=amazon.com sellers=10
2026-08-05 15:38:14 | INFO     | app.agent.v2.nodes:score_sellers:295 - [score_sellers] 评分 10 个卖家
2026-08-05 15:38:14 | INFO     | app.agent.v2.nodes:lookup_contacts:327 - [lookup_contacts] 10 sellers, 5 中国卖家待查
2026-08-05 15:38:18 | DEBUG    | app.auth.api:me:61 - 查询当前用户: guoxi
2026-08-05 15:38:21 | INFO     | app.api.chat_stream:_run_stream_graph:49 - [stream-graph] 完成: thread=9d59d859-6b67-41e0-9986-a5362ee18e82
2026-08-05 15:40:53 | INFO     | app.api.chat_stream:chat_stream:83 - [chat/stream] user=guoxi query=美国站卖户外家具的卖家 thread_id=9d59d859-6b67-41e0-9986-a5362ee18e82
2026-08-05 15:40:54 | INFO     | app.api.chat_stream:_run_stream_graph:42 - [stream-graph] 开始: thread=9d59d859-6b67-41e0-9986-a5362ee18e82 category=outdoor furniture market=amazon.com
2026-08-05 15:40:54 | INFO     | app.agent.v2.nodes:check_cache:114 - [check_cache] 命中: marketplace=amazon.com sellers=10
2026-08-05 15:40:59 | INFO     | app.agent.v2.nodes:score_sellers:295 - [score_sellers] 评分 10 个卖家
2026-08-05 15:40:59 | INFO     | app.agent.v2.nodes:lookup_contacts:327 - [lookup_contacts] 10 sellers, 5 中国卖家待查
2026-08-05 15:41:03 | DEBUG    | app.auth.api:me:61 - 查询当前用户: guoxi
2026-08-05 15:41:06 | INFO     | app.api.chat_stream:_run_stream_graph:49 - [stream-graph] 完成: thread=9d59d859-6b67-41e0-9986-a5362ee18e82
2026-08-05 15:41:26 | INFO     | app.api.chat_stream:chat_stream:83 - [chat/stream] user=guoxi query=美国站卖户外家具的卖家 thread_id=9d59d859-6b67-41e0-9986-a5362ee18e82
2026-08-05 15:41:27 | INFO     | app.api.chat_stream:_run_stream_graph:42 - [stream-graph] 开始: thread=9d59d859-6b67-41e0-9986-a5362ee18e82 category=outdoor furniture market=amazon.com
2026-08-05 15:41:27 | INFO     | app.agent.v2.nodes:check_cache:114 - [check_cache] 命中: marketplace=amazon.com sellers=10
2026-08-05 15:41:33 | INFO     | app.agent.v2.nodes:score_sellers:295 - [score_sellers] 评分 10 个卖家
2026-08-05 15:41:33 | INFO     | app.agent.v2.nodes:lookup_contacts:327 - [lookup_contacts] 10 sellers, 5 中国卖家待查
2026-08-05 15:41:39 | INFO     | app.api.chat_stream:_run_stream_graph:49 - [stream-graph] 完成: thread=9d59d859-6b67-41e0-9986-a5362ee18e82
2026-08-05 15:41:52 | INFO     | app.api.chat_stream:chat_stream:83 - [chat/stream] user=guoxi query=美国站卖户外家具的卖家 thread_id=9d59d859-6b67-41e0-9986-a5362ee18e82
2026-08-05 15:41:53 | INFO     | app.api.chat_stream:_run_stream_graph:42 - [stream-graph] 开始: thread=9d59d859-6b67-41e0-9986-a5362ee18e82 category=outdoor furniture market=amazon.com
2026-08-05 15:41:53 | INFO     | app.agent.v2.nodes:check_cache:114 - [check_cache] 命中: marketplace=amazon.com sellers=10
2026-08-05 15:41:58 | INFO     | app.agent.v2.nodes:score_sellers:295 - [score_sellers] 评分 10 个卖家
2026-08-05 15:41:58 | INFO     | app.agent.v2.nodes:lookup_contacts:327 - [lookup_contacts] 10 sellers, 5 中国卖家待查
2026-08-05 15:42:05 | DEBUG    | app.auth.api:me:61 - 查询当前用户: guoxi
2026-08-05 15:42:05 | INFO     | app.api.chat_stream:_run_stream_graph:49 - [stream-graph] 完成: thread=9d59d859-6b67-41e0-9986-a5362ee18e82
2026-08-05 15:42:08 | INFO     | app.api.chat_stream:chat_stream:83 - [chat/stream] user=guoxi query=美国站卖户外家具的卖家 thread_id=9d59d859-6b67-41e0-9986-a5362ee18e82
2026-08-05 15:42:09 | INFO     | app.api.chat_stream:_run_stream_graph:42 - [stream-graph] 开始: thread=9d59d859-6b67-41e0-9986-a5362ee18e82 category=outdoor furniture market=amazon.com
2026-08-05 15:42:09 | INFO     | app.agent.v2.nodes:check_cache:114 - [check_cache] 命中: marketplace=amazon.com sellers=10
2026-08-05 15:42:11 | INFO     | app.api.chat_stream:cancel_stream:177 - [chat/stream] 已请求取消: thread=9d59d859-6b67-41e0-9986-a5362ee18e82
2026-08-05 15:42:11 | INFO     | app.api.chat_stream:_run_stream_graph:51 - [stream-graph] 被用户取消: thread=9d59d859-6b67-41e0-9986-a5362ee18e82
2026-08-05 15:44:43 | INFO     | app.main:lifespan:44 - 应用关闭
2026-08-05 15:44:45 | INFO     | app.main:lifespan:40 - 应用启动中...
2026-08-05 15:44:45 | INFO     | app.main:lifespan:42 - 应用启动完成，开始接收请求
2026-08-05 15:45:05 | DEBUG    | app.auth.api:me:61 - 查询当前用户: guoxi
2026-08-05 15:45:38 | INFO     | app.main:lifespan:44 - 应用关闭
2026-08-05 15:45:38 | INFO     | app.main:lifespan:40 - 应用启动中...
2026-08-05 15:45:38 | INFO     | app.main:lifespan:42 - 应用启动完成，开始接收请求
2026-08-05 15:45:47 | DEBUG    | app.auth.api:me:61 - 查询当前用户: guoxi
2026-08-05 15:45:54 | INFO     | app.api.chat_stream:chat_stream:83 - [chat/stream] user=guoxi query=美国站卖户外家具的卖家 thread_id=2378dd42-0689-4c21-b74e-d893d81c7010
2026-08-05 15:45:55 | INFO     | app.api.chat_stream:_run_stream_graph:42 - [stream-graph] 开始: thread=2378dd42-0689-4c21-b74e-d893d81c7010 category=outdoor furniture market=amazon.com
2026-08-05 15:45:55 | INFO     | app.agent.v2.nodes:check_cache:114 - [check_cache] 命中: marketplace=amazon.com sellers=10
2026-08-05 15:46:00 | INFO     | app.agent.v2.nodes:score_sellers:295 - [score_sellers] 评分 10 个卖家
2026-08-05 15:46:00 | INFO     | app.agent.v2.nodes:lookup_contacts:327 - [lookup_contacts] 10 sellers, 5 中国卖家待查
2026-08-05 15:46:06 | INFO     | app.api.chat_stream:_run_stream_graph:49 - [stream-graph] 完成: thread=2378dd42-0689-4c21-b74e-d893d81c7010
2026-08-05 15:47:51 | DEBUG    | app.auth.api:me:61 - 查询当前用户: guoxi
2026-08-05 15:47:59 | INFO     | app.api.chat_stream:chat_stream:83 - [chat/stream] user=guoxi query=美国站卖户外家具的卖家 thread_id=2378dd42-0689-4c21-b74e-d893d81c7010
2026-08-05 15:48:00 | INFO     | app.api.chat_stream:_run_stream_graph:42 - [stream-graph] 开始: thread=2378dd42-0689-4c21-b74e-d893d81c7010 category=outdoor furniture market=amazon.com
2026-08-05 15:48:00 | INFO     | app.agent.v2.nodes:check_cache:114 - [check_cache] 命中: marketplace=amazon.com sellers=10
2026-08-05 15:48:06 | INFO     | app.agent.v2.nodes:score_sellers:295 - [score_sellers] 评分 10 个卖家
2026-08-05 15:48:06 | INFO     | app.agent.v2.nodes:lookup_contacts:327 - [lookup_contacts] 10 sellers, 5 中国卖家待查
2026-08-05 15:48:12 | INFO     | app.api.chat_stream:_run_stream_graph:49 - [stream-graph] 完成: thread=2378dd42-0689-4c21-b74e-d893d81c7010
2026-08-05 15:48:15 | DEBUG    | app.auth.api:me:61 - 查询当前用户: guoxi
2026-08-05 15:48:58 | INFO     | app.api.chat_stream:chat_stream:83 - [chat/stream] user=guoxi query=你能干啥 thread_id=2378dd42-0689-4c21-b74e-d893d81c7010
2026-08-05 15:48:59 | INFO     | app.api.chat_stream:chat_stream:87 - [chat/stream] HITL: missing=['目标市场', '产品品类']
2026-08-05 15:48:59 | INFO     | app.api.chat:chat:85 - [chat] user=guoxi query=你能干啥 thread_id=2378dd42-0689-4c21-b74e-d893d81c7010
2026-08-05 15:49:00 | INFO     | app.api.chat:chat:108 - [chat] HITL 中断: thread=2378dd42-0689-4c21-b74e-d893d81c7010 q=请补充：目标市场, 产品品类
2026-08-05 16:47:01 | INFO     | app.main:lifespan:44 - 应用关闭
2026-08-05 16:47:01 | INFO     | app.main:lifespan:40 - 应用启动中...
2026-08-05 16:47:01 | INFO     | app.main:lifespan:42 - 应用启动完成，开始接收请求
2026-08-05 16:47:01 | INFO     | app.main:lifespan:44 - 应用关闭
2026-08-05 16:47:02 | INFO     | app.main:lifespan:40 - 应用启动中...
2026-08-05 16:47:02 | INFO     | app.main:lifespan:42 - 应用启动完成，开始接收请求
2026-08-05 16:47:28 | INFO     | app.api.chat:chat_resume:138 - [chat/resume] user=guoxi thread=2378dd42-0689-4c21-b74e-d893d81c7010
2026-08-05 16:47:28 | INFO     | app.agent.v2.nodes:check_cache:114 - [check_cache] 命中: marketplace=amazon.com sellers=10
2026-08-05 16:47:34 | INFO     | app.agent.v2.nodes:score_sellers:295 - [score_sellers] 评分 10 个卖家
2026-08-05 16:47:34 | INFO     | app.agent.v2.nodes:lookup_contacts:327 - [lookup_contacts] 10 sellers, 5 中国卖家待查
2026-08-05 16:49:55 | INFO     | app.main:lifespan:44 - 应用关闭
2026-08-05 16:49:56 | INFO     | app.main:lifespan:40 - 应用启动中...
2026-08-05 16:49:56 | INFO     | app.main:lifespan:42 - 应用启动完成，开始接收请求
2026-08-05 16:50:08 | INFO     | app.api.chat_stream:chat_stream:83 - [chat/stream] user=guoxi query=美国站卖户外家具的卖家 thread_id=2378dd42-0689-4c21-b74e-d893d81c7010
2026-08-05 16:50:10 | INFO     | app.api.chat_stream:_run_stream_graph:42 - [stream-graph] 开始: thread=2378dd42-0689-4c21-b74e-d893d81c7010 category=outdoor furniture market=amazon.com
2026-08-05 16:50:10 | INFO     | app.agent.v2.nodes:check_cache:114 - [check_cache] 命中: marketplace=amazon.com sellers=10
2026-08-05 16:50:16 | INFO     | app.agent.v2.nodes:score_sellers:295 - [score_sellers] 评分 10 个卖家
2026-08-05 16:50:16 | INFO     | app.agent.v2.nodes:lookup_contacts:327 - [lookup_contacts] 10 sellers, 5 中国卖家待查
2026-08-05 16:50:23 | INFO     | app.api.chat_stream:_run_stream_graph:49 - [stream-graph] 完成: thread=2378dd42-0689-4c21-b74e-d893d81c7010
2026-08-05 16:51:32 | INFO     | app.main:lifespan:44 - 应用关闭
2026-08-05 16:51:33 | INFO     | app.main:lifespan:40 - 应用启动中...
2026-08-05 16:51:33 | INFO     | app.main:lifespan:42 - 应用启动完成，开始接收请求
2026-08-05 16:52:02 | INFO     | app.api.chat_stream:chat_stream:83 - [chat/stream] user=guoxi query=美国站卖户外家具的卖家 thread_id=2378dd42-0689-4c21-b74e-d893d81c7010
2026-08-05 16:52:04 | INFO     | app.api.chat_stream:_run_stream_graph:42 - [stream-graph] 开始: thread=2378dd42-0689-4c21-b74e-d893d81c7010 category=outdoor furniture market=amazon.com
2026-08-05 16:52:04 | INFO     | app.agent.v2.nodes:check_cache:114 - [check_cache] 命中: marketplace=amazon.com sellers=10
2026-08-05 16:52:10 | INFO     | app.agent.v2.nodes:score_sellers:295 - [score_sellers] 评分 10 个卖家
2026-08-05 16:52:10 | INFO     | app.agent.v2.nodes:lookup_contacts:327 - [lookup_contacts] 10 sellers, 5 中国卖家待查
2026-08-05 16:52:17 | INFO     | app.api.chat_stream:_run_stream_graph:49 - [stream-graph] 完成: thread=2378dd42-0689-4c21-b74e-d893d81c7010
2026-08-05 16:54:18 | INFO     | app.main:lifespan:44 - 应用关闭
2026-08-05 16:54:19 | INFO     | app.main:lifespan:40 - 应用启动中...
2026-08-05 16:54:19 | INFO     | app.main:lifespan:42 - 应用启动完成，开始接收请求
2026-08-05 16:55:54 | INFO     | app.main:lifespan:44 - 应用关闭
2026-08-05 16:55:55 | INFO     | app.main:lifespan:40 - 应用启动中...
2026-08-05 16:55:55 | INFO     | app.main:lifespan:42 - 应用启动完成，开始接收请求
2026-08-05 16:56:10 | INFO     | app.api.chat_stream:chat_stream:83 - [chat/stream] user=guoxi query=美国站卖户外家具的卖家 thread_id=2378dd42-0689-4c21-b74e-d893d81c7010
2026-08-05 16:56:11 | INFO     | app.api.chat_stream:_run_stream_graph:42 - [stream-graph] 开始: thread=2378dd42-0689-4c21-b74e-d893d81c7010 category=outdoor furniture market=amazon.com
2026-08-05 16:56:11 | INFO     | app.agent.v2.nodes:check_cache:114 - [check_cache] 命中: marketplace=amazon.com sellers=10
2026-08-05 16:56:17 | INFO     | app.agent.v2.nodes:score_sellers:295 - [score_sellers] 评分 10 个卖家
2026-08-05 16:56:17 | INFO     | app.agent.v2.nodes:lookup_contacts:327 - [lookup_contacts] 10 sellers, 5 中国卖家待查
2026-08-05 16:56:23 | INFO     | app.api.chat_stream:_run_stream_graph:49 - [stream-graph] 完成: thread=2378dd42-0689-4c21-b74e-d893d81c7010
2026-08-05 16:58:08 | INFO     | app.main:lifespan:44 - 应用关闭
2026-08-05 16:58:09 | INFO     | app.main:lifespan:40 - 应用启动中...
2026-08-05 16:58:09 | INFO     | app.main:lifespan:42 - 应用启动完成，开始接收请求
2026-08-05 16:58:09 | INFO     | app.main:lifespan:44 - 应用关闭
2026-08-05 16:58:09 | INFO     | app.main:lifespan:40 - 应用启动中...
2026-08-05 16:58:09 | INFO     | app.main:lifespan:42 - 应用启动完成，开始接收请求
2026-08-05 16:58:15 | INFO     | app.api.chat_stream:chat_stream:83 - [chat/stream] user=guoxi query=美国站卖户外家具的卖家 thread_id=2378dd42-0689-4c21-b74e-d893d81c7010
2026-08-05 16:58:17 | INFO     | app.api.chat_stream:_run_stream_graph:42 - [stream-graph] 开始: thread=2378dd42-0689-4c21-b74e-d893d81c7010 category=outdoor furniture market=amazon.com
2026-08-05 16:58:17 | INFO     | app.agent.v2.nodes:check_cache:114 - [check_cache] 命中: marketplace=amazon.com sellers=10
2026-08-05 16:58:23 | INFO     | app.agent.v2.nodes:score_sellers:295 - [score_sellers] 评分 10 个卖家
2026-08-05 16:58:23 | INFO     | app.agent.v2.nodes:lookup_contacts:327 - [lookup_contacts] 10 sellers, 5 中国卖家待查
2026-08-05 16:58:28 | INFO     | app.api.chat_stream:_run_stream_graph:49 - [stream-graph] 完成: thread=2378dd42-0689-4c21-b74e-d893d81c7010
2026-08-05 17:08:49 | INFO     | app.main:lifespan:44 - 应用关闭
2026-08-05 17:08:49 | INFO     | app.main:lifespan:40 - 应用启动中...
2026-08-05 17:08:49 | INFO     | app.main:lifespan:42 - 应用启动完成，开始接收请求
2026-08-05 17:09:09 | INFO     | app.main:lifespan:44 - 应用关闭
2026-08-05 17:09:09 | INFO     | app.main:lifespan:40 - 应用启动中...
2026-08-05 17:09:09 | INFO     | app.main:lifespan:42 - 应用启动完成，开始接收请求
2026-08-05 17:10:14 | INFO     | app.api.chat_stream:chat_stream:83 - [chat/stream] user=guoxi query=美国站卖户外家具的卖家 thread_id=2378dd42-0689-4c21-b74e-d893d81c7010
2026-08-05 17:10:15 | INFO     | app.memory.compressor:maybe_compress:107 - [compressor] 触发压缩: session=2378dd42-0689-4c21-b74e-d893d81c7010
2026-08-05 17:10:17 | INFO     | app.api.chat_stream:_run_stream_graph:42 - [stream-graph] 开始: thread=2378dd42-0689-4c21-b74e-d893d81c7010 category=outdoor furniture market=amazon.com
2026-08-05 17:10:17 | INFO     | app.agent.v2.nodes:check_cache:114 - [check_cache] 命中: marketplace=amazon.com sellers=10
2026-08-05 17:10:23 | INFO     | app.agent.v2.nodes:score_sellers:297 - [score_sellers] 评分 10 个卖家
2026-08-05 17:10:23 | INFO     | app.agent.v2.nodes:lookup_contacts:329 - [lookup_contacts] 10 sellers, 5 中国卖家待查
2026-08-05 17:10:29 | INFO     | app.api.chat_stream:_run_stream_graph:49 - [stream-graph] 完成: thread=2378dd42-0689-4c21-b74e-d893d81c7010
2026-08-05 17:12:05 | INFO     | app.api.chat_stream:chat_stream:83 - [chat/stream] user=guoxi query=美国站卖杯子的卖家 thread_id=2378dd42-0689-4c21-b74e-d893d81c7010
2026-08-05 17:12:06 | INFO     | app.api.chat_stream:_run_stream_graph:42 - [stream-graph] 开始: thread=2378dd42-0689-4c21-b74e-d893d81c7010 category=cups market=amazon.com
2026-08-05 17:12:06 | INFO     | app.agent.v2.nodes:check_cache:114 - [check_cache] 命中: marketplace=amazon.com sellers=10
2026-08-05 17:12:13 | INFO     | app.agent.v2.nodes:score_sellers:297 - [score_sellers] 评分 10 个卖家
2026-08-05 17:12:13 | INFO     | app.agent.v2.nodes:lookup_contacts:329 - [lookup_contacts] 10 sellers, 5 中国卖家待查
2026-08-05 17:12:19 | INFO     | app.api.chat_stream:_run_stream_graph:49 - [stream-graph] 完成: thread=2378dd42-0689-4c21-b74e-d893d81c7010
2026-08-05 17:22:32 | INFO     | app.main:lifespan:44 - 应用关闭
2026-08-05 17:38:22 | INFO     | app.main:lifespan:40 - 应用启动中...
2026-08-05 17:38:22 | INFO     | app.main:lifespan:42 - 应用启动完成，开始接收请求
2026-08-05 17:38:38 | INFO     | app.main:lifespan:44 - 应用关闭
2026-08-05 17:38:38 | INFO     | app.main:lifespan:40 - 应用启动中...
2026-08-05 17:38:38 | INFO     | app.main:lifespan:42 - 应用启动完成，开始接收请求
2026-08-05 17:39:39 | INFO     | app.main:lifespan:44 - 应用关闭
2026-08-05 17:39:40 | INFO     | app.main:lifespan:40 - 应用启动中...
2026-08-05 17:39:40 | INFO     | app.main:lifespan:42 - 应用启动完成，开始接收请求
2026-08-05 17:54:49 | INFO     | app.main:lifespan:44 - 应用关闭
2026-08-05 17:54:49 | INFO     | app.main:lifespan:40 - 应用启动中...
2026-08-05 17:54:49 | INFO     | app.main:lifespan:42 - 应用启动完成，开始接收请求
2026-08-05 17:56:35 | INFO     | app.main:lifespan:44 - 应用关闭
2026-08-05 17:56:35 | INFO     | app.main:lifespan:40 - 应用启动中...
2026-08-05 17:56:35 | INFO     | app.main:lifespan:42 - 应用启动完成，开始接收请求
2026-08-05 17:56:46 | INFO     | app.main:lifespan:44 - 应用关闭
2026-08-05 17:56:47 | INFO     | app.main:lifespan:40 - 应用启动中...
2026-08-05 17:56:47 | INFO     | app.main:lifespan:42 - 应用启动完成，开始接收请求
2026-08-05 17:58:50 | INFO     | app.main:lifespan:44 - 应用关闭
2026-08-05 17:58:51 | INFO     | app.main:lifespan:40 - 应用启动中...
2026-08-05 17:58:51 | INFO     | app.main:lifespan:42 - 应用启动完成，开始接收请求
2026-08-05 18:00:45 | INFO     | app.main:lifespan:44 - 应用关闭
2026-08-05 18:00:46 | INFO     | app.main:lifespan:40 - 应用启动中...
2026-08-05 18:00:46 | INFO     | app.main:lifespan:42 - 应用启动完成，开始接收请求
2026-08-05 18:00:50 | INFO     | app.main:lifespan:40 - 应用启动中...
2026-08-05 18:00:50 | INFO     | app.main:lifespan:42 - 应用启动完成，开始接收请求
2026-08-05 18:00:59 | DEBUG    | app.auth.api:me:61 - 查询当前用户: guoxi
2026-08-05 18:01:04 | INFO     | app.api.chat_stream:chat_stream:83 - [chat/stream] user=guoxi query=美国站卖杯子的卖家 thread_id=2378dd42-0689-4c21-b74e-d893d81c7010
2026-08-05 18:01:06 | INFO     | app.api.chat_stream:_run_stream_graph:42 - [stream-graph] 开始: thread=2378dd42-0689-4c21-b74e-d893d81c7010 category=cups market=amazon.com
2026-08-05 18:01:06 | INFO     | app.agent.v2.nodes:check_cache:113 - [check_cache] 数据不足: 0/200，需要重新采集
2026-08-05 18:05:38 | INFO     | app.agent.v2.nodes:call_actors:169 - [call_actors] junglee 返回 200 个产品
2026-08-05 18:05:38 | DEBUG    | app.providers.apify_provider:_cached:33 - [apify] 缓存未命中，调 actor: amazon_seller/A3HVNVN49M7EE5
2026-08-05 18:05:54 | DEBUG    | app.providers.apify_provider:_cached:33 - [apify] 缓存未命中，调 actor: amazon_seller/A3T8TO3SZW39BI
2026-08-05 18:06:08 | DEBUG    | app.providers.apify_provider:_cached:33 - [apify] 缓存未命中，调 actor: amazon_seller/A10QCOR6VR7HLW
2026-08-05 18:06:21 | DEBUG    | app.providers.apify_provider:_cached:33 - [apify] 缓存未命中，调 actor: amazon_seller/A31Z5JV78CIZRZ
2026-08-05 18:06:34 | DEBUG    | app.providers.apify_provider:_cached:33 - [apify] 缓存未命中，调 actor: amazon_seller/A24CJJX0Z0R84T
2026-08-05 18:06:46 | DEBUG    | app.providers.apify_provider:_cached:33 - [apify] 缓存未命中，调 actor: amazon_seller/AKLWP2TE1WOEG
2026-08-05 18:06:59 | DEBUG    | app.providers.apify_provider:_cached:33 - [apify] 缓存未命中，调 actor: amazon_seller/A2C4IZ5JXHWM6A
2026-08-05 18:07:12 | DEBUG    | app.providers.apify_provider:_cached:33 - [apify] 缓存未命中，调 actor: amazon_seller/A2KOWWWVC9VSBC
2026-08-05 18:07:25 | DEBUG    | app.providers.apify_provider:_cached:33 - [apify] 缓存未命中，调 actor: amazon_seller/A2OH4QF8JTCY15
2026-08-05 18:07:39 | DEBUG    | app.providers.apify_provider:_cached:33 - [apify] 缓存未命中，调 actor: amazon_seller/A3U2YPYQQ9HLT0
2026-08-05 18:07:52 | DEBUG    | app.providers.apify_provider:_cached:33 - [apify] 缓存未命中，调 actor: amazon_seller/AK0YXFE07946T
2026-08-05 18:08:06 | DEBUG    | app.providers.apify_provider:_cached:33 - [apify] 缓存未命中，调 actor: amazon_seller/AJXBR48TZ0JJG
2026-08-05 18:08:19 | DEBUG    | app.providers.apify_provider:_cached:33 - [apify] 缓存未命中，调 actor: amazon_seller/ARTE7YU56G81T
2026-08-05 18:08:30 | DEBUG    | app.providers.apify_provider:_cached:33 - [apify] 缓存未命中，调 actor: amazon_seller/A1CMKVP82E1H1V
2026-08-05 18:08:43 | DEBUG    | app.providers.apify_provider:_cached:33 - [apify] 缓存未命中，调 actor: amazon_seller/AGJS2YYW7MDI7
2026-08-05 18:08:59 | DEBUG    | app.providers.apify_provider:_cached:33 - [apify] 缓存未命中，调 actor: amazon_seller/AJJ0KIA0EZZFI
2026-08-05 18:09:12 | DEBUG    | app.providers.apify_provider:_cached:33 - [apify] 缓存未命中，调 actor: amazon_seller/A298F3JWXUBCOF
2026-08-05 18:09:41 | DEBUG    | app.providers.apify_provider:_cached:33 - [apify] 缓存未命中，调 actor: amazon_seller/AVFH4U2MPHK11
2026-08-05 18:09:53 | DEBUG    | app.providers.apify_provider:_cached:33 - [apify] 缓存未命中，调 actor: amazon_seller/A20L1KPJZ0N7EB
2026-08-05 18:10:04 | DEBUG    | app.providers.apify_provider:_cached:33 - [apify] 缓存未命中，调 actor: amazon_seller/A2WYOQ2DE8ODF0
2026-08-05 18:10:19 | DEBUG    | app.providers.apify_provider:_cached:33 - [apify] 缓存未命中，调 actor: amazon_seller/A3M37S59PX380A
2026-08-05 18:10:30 | DEBUG    | app.providers.apify_provider:_cached:33 - [apify] 缓存未命中，调 actor: amazon_seller/A1EPQ3W76BWAS3
2026-08-05 18:10:45 | DEBUG    | app.providers.apify_provider:_cached:33 - [apify] 缓存未命中，调 actor: amazon_seller/A1IL7MUHFC1081
2026-08-05 18:10:58 | DEBUG    | app.providers.apify_provider:_cached:33 - [apify] 缓存未命中，调 actor: amazon_seller/A2DI7AXCDC4YPQ
2026-08-05 18:11:11 | DEBUG    | app.providers.apify_provider:_cached:33 - [apify] 缓存未命中，调 actor: amazon_seller/A1J8IZ0EHYAERV
2026-08-05 18:11:39 | DEBUG    | app.providers.apify_provider:_cached:33 - [apify] 缓存未命中，调 actor: amazon_seller/A6U0GC55YPB45
2026-08-05 18:11:51 | DEBUG    | app.providers.apify_provider:_cached:33 - [apify] 缓存未命中，调 actor: amazon_seller/A395FEFVC5O81K
2026-08-05 18:12:08 | DEBUG    | app.providers.apify_provider:_cached:33 - [apify] 缓存未命中，调 actor: amazon_seller/A2DOG3V6170WO
2026-08-05 18:12:19 | DEBUG    | app.providers.apify_provider:_cached:33 - [apify] 缓存未命中，调 actor: amazon_seller/A3U1U7B5AN1NQU
2026-08-05 18:12:32 | DEBUG    | app.providers.apify_provider:_cached:33 - [apify] 缓存未命中，调 actor: amazon_seller/A10F1VOEBYUOT0
2026-08-05 18:12:43 | DEBUG    | app.providers.apify_provider:_cached:33 - [apify] 缓存未命中，调 actor: amazon_seller/A17VYL7DUEHUIW
2026-08-05 18:13:12 | DEBUG    | app.providers.apify_provider:_cached:33 - [apify] 缓存未命中，调 actor: amazon_seller/A2F1NNBLXIIKTP
2026-08-05 18:13:26 | DEBUG    | app.providers.apify_provider:_cached:33 - [apify] 缓存未命中，调 actor: amazon_seller/A123XVQH346C92
2026-08-05 18:13:37 | DEBUG    | app.providers.apify_provider:_cached:33 - [apify] 缓存未命中，调 actor: amazon_seller/AU5YIHQSURX27
2026-08-05 18:13:50 | DEBUG    | app.providers.apify_provider:_cached:33 - [apify] 缓存未命中，调 actor: amazon_seller/A1BSIFS90IYH3A
2026-08-05 18:14:22 | DEBUG    | app.providers.apify_provider:_cached:33 - [apify] 缓存未命中，调 actor: amazon_seller/A3NXFKWBP0FBOM
2026-08-05 18:14:33 | DEBUG    | app.providers.apify_provider:_cached:33 - [apify] 缓存未命中，调 actor: amazon_seller/A3VLZFPMFCCNJQ
2026-08-05 18:14:45 | DEBUG    | app.providers.apify_provider:_cached:33 - [apify] 缓存未命中，调 actor: amazon_seller/A1WPCYDD297TEW
2026-08-05 18:14:56 | DEBUG    | app.providers.apify_provider:_cached:33 - [apify] 缓存未命中，调 actor: amazon_seller/A2T5UZ8AZLEDSY
2026-08-05 18:15:07 | DEBUG    | app.providers.apify_provider:_cached:33 - [apify] 缓存未命中，调 actor: amazon_seller/A3RBQY1C1FM23S
2026-08-05 18:15:20 | DEBUG    | app.providers.apify_provider:_cached:33 - [apify] 缓存未命中，调 actor: amazon_seller/A3AQOVA7UASBOL
2026-08-05 18:15:32 | DEBUG    | app.providers.apify_provider:_cached:33 - [apify] 缓存未命中，调 actor: amazon_seller/A1UA0HNUIBDYOH
2026-08-05 18:15:43 | DEBUG    | app.providers.apify_provider:_cached:33 - [apify] 缓存未命中，调 actor: amazon_seller/A2SXQWQ4G9SGII
2026-08-05 18:15:55 | DEBUG    | app.providers.apify_provider:_cached:33 - [apify] 缓存未命中，调 actor: amazon_seller/A3ON94HFEO9PA7
2026-08-05 18:16:10 | DEBUG    | app.providers.apify_provider:_cached:33 - [apify] 缓存未命中，调 actor: amazon_seller/A2R5D4MW5NPPHP
2026-08-05 18:16:22 | DEBUG    | app.providers.apify_provider:_cached:33 - [apify] 缓存未命中，调 actor: amazon_seller/A3CHP55VWS8WNQ
2026-08-05 18:16:35 | DEBUG    | app.providers.apify_provider:_cached:33 - [apify] 缓存未命中，调 actor: amazon_seller/AMEQL1IQ42PSN
2026-08-05 18:16:51 | DEBUG    | app.providers.apify_provider:_cached:33 - [apify] 缓存未命中，调 actor: amazon_seller/A3KKPQ76URWP0D
2026-08-05 18:17:03 | DEBUG    | app.providers.apify_provider:_cached:33 - [apify] 缓存未命中，调 actor: amazon_seller/AJAMHU76R3K7H
2026-08-05 18:17:15 | DEBUG    | app.providers.apify_provider:_cached:33 - [apify] 缓存未命中，调 actor: amazon_seller/A2H55D6RWD8AS4
2026-08-05 18:17:29 | DEBUG    | app.providers.apify_provider:_cached:33 - [apify] 缓存未命中，调 actor: amazon_seller/A26L2D3ZCOK4WV
2026-08-05 18:17:45 | DEBUG    | app.providers.apify_provider:_cached:33 - [apify] 缓存未命中，调 actor: amazon_seller/A23JEJMRSNZE7A
2026-08-05 18:17:58 | DEBUG    | app.providers.apify_provider:_cached:33 - [apify] 缓存未命中，调 actor: amazon_seller/A1UEW3GW612BDQ
2026-08-05 18:18:11 | DEBUG    | app.providers.apify_provider:_cached:33 - [apify] 缓存未命中，调 actor: amazon_seller/ATQXJ5O8540RO
2026-08-05 18:18:22 | DEBUG    | app.providers.apify_provider:_cached:33 - [apify] 缓存未命中，调 actor: amazon_seller/A3PL1AHYB1EU9S
2026-08-05 18:18:34 | DEBUG    | app.providers.apify_provider:_cached:33 - [apify] 缓存未命中，调 actor: amazon_seller/A3MOEUUBJ8ZFS1
2026-08-05 18:18:45 | DEBUG    | app.providers.apify_provider:_cached:33 - [apify] 缓存未命中，调 actor: amazon_seller/ANEOVR6FCDPOY
2026-08-05 18:18:57 | DEBUG    | app.providers.apify_provider:_cached:33 - [apify] 缓存未命中，调 actor: amazon_seller/A1M4A2SVQ8MOWF
2026-08-05 18:19:09 | DEBUG    | app.providers.apify_provider:_cached:33 - [apify] 缓存未命中，调 actor: amazon_seller/A3AG5QCF9STKIP
2026-08-05 18:19:22 | DEBUG    | app.providers.apify_provider:_cached:33 - [apify] 缓存未命中，调 actor: amazon_seller/A2W5MCUOTLGYFS
2026-08-05 18:19:34 | DEBUG    | app.providers.apify_provider:_cached:33 - [apify] 缓存未命中，调 actor: amazon_seller/A2UJAPUIIEAMR8
2026-08-05 18:19:47 | DEBUG    | app.providers.apify_provider:_cached:33 - [apify] 缓存未命中，调 actor: amazon_seller/A1VN64Z0GIE1R
2026-08-05 18:19:58 | DEBUG    | app.providers.apify_provider:_cached:33 - [apify] 缓存未命中，调 actor: amazon_seller/ARMAKX1Z0QQHU
2026-08-05 18:20:10 | DEBUG    | app.providers.apify_provider:_cached:33 - [apify] 缓存未命中，调 actor: amazon_seller/A2W2277IQ2K7T2
2026-08-05 18:20:29 | DEBUG    | app.providers.apify_provider:_cached:33 - [apify] 缓存未命中，调 actor: amazon_seller/A13I6R8N91985E
2026-08-05 18:20:42 | DEBUG    | app.providers.apify_provider:_cached:33 - [apify] 缓存未命中，调 actor: amazon_seller/A1K1WIVQ4A0CN1
2026-08-05 18:20:53 | DEBUG    | app.providers.apify_provider:_cached:33 - [apify] 缓存未命中，调 actor: amazon_seller/A1N8ON4P6HUWYY
2026-08-05 18:21:05 | DEBUG    | app.providers.apify_provider:_cached:33 - [apify] 缓存未命中，调 actor: amazon_seller/A3RUJ00ZDBGAMN
2026-08-05 18:21:16 | DEBUG    | app.providers.apify_provider:_cached:33 - [apify] 缓存未命中，调 actor: amazon_seller/A339Y6E08O8XMU
2026-08-05 18:21:48 | DEBUG    | app.providers.apify_provider:_cached:33 - [apify] 缓存未命中，调 actor: amazon_seller/A1CA9KMR5NJ28A
2026-08-05 18:21:59 | DEBUG    | app.providers.apify_provider:_cached:33 - [apify] 缓存未命中，调 actor: amazon_seller/A2V5FGF9OD3XG5
2026-08-05 18:22:27 | DEBUG    | app.providers.apify_provider:_cached:33 - [apify] 缓存未命中，调 actor: amazon_seller/AKO4GETBG1W41
2026-08-05 18:22:39 | DEBUG    | app.providers.apify_provider:_cached:33 - [apify] 缓存未命中，调 actor: amazon_seller/AJ0EALKQF5AF4
2026-08-05 18:22:50 | DEBUG    | app.providers.apify_provider:_cached:33 - [apify] 缓存未命中，调 actor: amazon_seller/A257JTRQO4K6VR
2026-08-05 18:23:03 | DEBUG    | app.providers.apify_provider:_cached:33 - [apify] 缓存未命中，调 actor: amazon_seller/AG3GSNWOXPWLE
2026-08-05 18:23:17 | DEBUG    | app.providers.apify_provider:_cached:33 - [apify] 缓存未命中，调 actor: amazon_seller/A2H9S6N1XOKSA2
2026-08-05 18:23:30 | DEBUG    | app.providers.apify_provider:_cached:33 - [apify] 缓存未命中，调 actor: amazon_seller/ANOJHIAIPXZL0
2026-08-05 18:23:43 | DEBUG    | app.providers.apify_provider:_cached:33 - [apify] 缓存未命中，调 actor: amazon_seller/ANXSTAB3C91J3
2026-08-05 18:24:01 | DEBUG    | app.providers.apify_provider:_cached:33 - [apify] 缓存未命中，调 actor: amazon_seller/A26F3YWO7NYYNX
2026-08-05 18:24:15 | DEBUG    | app.providers.apify_provider:_cached:33 - [apify] 缓存未命中，调 actor: amazon_seller/A2NCNOZ9B9MWJ0
2026-08-05 18:24:28 | INFO     | app.agent.v2.nodes:call_actors:263 - [call_actors] 完成: 80 sellers, 200 products, errors=0
2026-08-05 18:24:34 | INFO     | app.agent.v2.nodes:score_sellers:303 - [score_sellers] 评分 80 个卖家
2026-08-05 18:24:34 | INFO     | app.agent.v2.nodes:lookup_contacts:335 - [lookup_contacts] 80 sellers, 56 中国卖家待查
2026-08-05 18:25:11 | INFO     | app.api.chat_stream:_run_stream_graph:49 - [stream-graph] 完成: thread=2378dd42-0689-4c21-b74e-d893d81c7010
2026-08-05 18:25:12 | INFO     | app.main:lifespan:44 - 应用关闭
2026-08-05 18:25:12 | INFO     | app.main:lifespan:40 - 应用启动中...
2026-08-05 18:25:12 | INFO     | app.main:lifespan:42 - 应用启动完成，开始接收请求
