2026-08-06 11:01:52 | INFO     | app.main:lifespan:44 - 应用关闭
2026-08-06 11:01:53 | INFO     | app.main:lifespan:40 - 应用启动中...
2026-08-06 11:01:54 | INFO     | app.main:lifespan:40 - 应用启动中...
2026-08-06 11:01:55 | INFO     | app.main:lifespan:40 - 应用启动中...
2026-08-06 11:01:55 | INFO     | app.main:lifespan:40 - 应用启动中...
2026-08-06 11:02:37 | INFO     | app.main:lifespan:40 - 应用启动中...
2026-08-06 11:03:25 | INFO     | app.main:lifespan:40 - 应用启动中...
2026-08-06 11:03:48 | INFO     | app.main:lifespan:40 - 应用启动中...
2026-08-06 11:03:49 | INFO     | app.main:lifespan:40 - 应用启动中...
2026-08-06 11:03:50 | INFO     | app.main:lifespan:40 - 应用启动中...
2026-08-06 11:04:01 | INFO     | app.main:lifespan:40 - 应用启动中...
2026-08-06 11:04:39 | INFO     | app.main:lifespan:40 - 应用启动中...
2026-08-06 11:04:41 | INFO     | app.main:lifespan:40 - 应用启动中...
2026-08-06 11:04:43 | INFO     | app.main:lifespan:40 - 应用启动中...
2026-08-06 11:04:45 | INFO     | app.main:lifespan:40 - 应用启动中...
2026-08-06 11:04:49 | INFO     | app.main:lifespan:40 - 应用启动中...
2026-08-06 11:04:49 | INFO     | app.main:lifespan:40 - 应用启动中...
2026-08-06 11:05:48 | INFO     | app.main:lifespan:40 - 应用启动中...
2026-08-06 11:05:49 | INFO     | app.main:lifespan:40 - 应用启动中...
2026-08-06 11:05:50 | INFO     | app.main:lifespan:40 - 应用启动中...
2026-08-06 11:05:53 | INFO     | app.main:lifespan:40 - 应用启动中...
2026-08-06 11:05:53 | INFO     | app.main:lifespan:40 - 应用启动中...
2026-08-06 11:05:54 | INFO     | app.main:lifespan:40 - 应用启动中...
2026-08-06 11:05:54 | INFO     | app.main:lifespan:40 - 应用启动中...
2026-08-06 11:05:56 | INFO     | app.main:lifespan:40 - 应用启动中...
2026-08-06 11:05:57 | INFO     | app.main:lifespan:40 - 应用启动中...
2026-08-06 11:06:27 | INFO     | app.main:lifespan:40 - 应用启动中...
2026-08-06 11:06:28 | INFO     | app.main:lifespan:40 - 应用启动中...
2026-08-06 11:08:10 | INFO     | app.main:lifespan:40 - 应用启动中...
2026-08-06 11:13:20 | INFO     | app.main:lifespan:40 - 应用启动中...
2026-08-06 11:13:21 | INFO     | app.main:lifespan:40 - 应用启动中...
2026-08-06 11:14:56 | INFO     | app.main:lifespan:40 - 应用启动中...
2026-08-06 11:14:56 | INFO     | app.main:lifespan:42 - 应用启动完成，开始接收请求
2026-08-06 11:16:12 | INFO     | app.main:lifespan:44 - 应用关闭
2026-08-06 11:16:12 | INFO     | app.main:lifespan:40 - 应用启动中...
2026-08-06 11:16:13 | INFO     | app.main:lifespan:42 - 应用启动完成，开始接收请求
2026-08-06 11:16:43 | INFO     | app.main:lifespan:44 - 应用关闭
2026-08-06 11:16:44 | INFO     | app.main:lifespan:40 - 应用启动中...
2026-08-06 11:16:44 | INFO     | app.main:lifespan:42 - 应用启动完成，开始接收请求
2026-08-06 11:17:24 | INFO     | app.main:lifespan:40 - 应用启动中...
2026-08-06 11:17:24 | INFO     | app.main:lifespan:42 - 应用启动完成，开始接收请求
2026-08-06 11:17:24 | INFO     | app.main:lifespan:44 - 应用关闭
2026-08-06 11:17:51 | INFO     | app.auth.api:login:49 - 登录请求: username=guoxi
2026-08-06 11:17:51 | INFO     | app.auth.api:login:57 - 登录成功: guoxi (super=True)
2026-08-06 11:17:51 | DEBUG    | app.auth.security:create_access_token:22 - 签发 token: sub=8cc6c513-18d7-458a-ac9e-bef97fc4a8aa
2026-08-06 11:17:51 | DEBUG    | app.auth.api:me:63 - 查询当前用户: guoxi
2026-08-06 11:17:51 | INFO     | app.auth.api:register:33 - 注册请求: username=smoke_15704
2026-08-06 11:17:51 | DEBUG    | app.auth.security:hash_password:13 - 密码哈希
2026-08-06 11:17:51 | INFO     | app.auth.api:register:43 - 注册成功: smoke_15704 (id=8685c2ed-77ef-40ba-b647-5037e395d3e3)
2026-08-06 11:17:51 | DEBUG    | app.auth.security:create_access_token:22 - 签发 token: sub=8685c2ed-77ef-40ba-b647-5037e395d3e3
2026-08-06 11:17:51 | DEBUG    | app.auth.api:me:63 - 查询当前用户: smoke_15704
2026-08-06 11:19:03 | INFO     | app.auth.api:login:49 - 登录请求: username=guoxi
2026-08-06 11:19:04 | INFO     | app.auth.api:login:57 - 登录成功: guoxi (super=True)
2026-08-06 11:19:04 | DEBUG    | app.auth.security:create_access_token:22 - 签发 token: sub=8cc6c513-18d7-458a-ac9e-bef97fc4a8aa
2026-08-06 11:19:04 | INFO     | app.auth.api:register:33 - 注册请求: username=smoke2_21704
2026-08-06 11:19:04 | DEBUG    | app.auth.security:hash_password:13 - 密码哈希
2026-08-06 11:19:04 | INFO     | app.auth.api:register:43 - 注册成功: smoke2_21704 (id=b0f52ee4-3e13-482f-901c-6922e3afbaaf)
2026-08-06 11:19:04 | DEBUG    | app.auth.security:create_access_token:22 - 签发 token: sub=b0f52ee4-3e13-482f-901c-6922e3afbaaf
2026-08-06 11:19:04 | DEBUG    | app.auth.api:me:63 - 查询当前用户: smoke2_21704
2026-08-06 11:19:04 | INFO     | app.api.admin:update_user_plan:39 - [admin] 更新用户等级: smoke2_21704 -> basic (至 None)
2026-08-06 11:19:04 | DEBUG    | app.auth.api:me:63 - 查询当前用户: smoke2_21704
2026-08-06 11:21:34 | INFO     | app.main:lifespan:44 - 应用关闭
2026-08-06 12:53:11 | INFO     | app.main:lifespan:40 - 应用启动中...
2026-08-06 12:53:11 | INFO     | app.main:lifespan:42 - 应用启动完成，开始接收请求
2026-08-06 12:54:12 | DEBUG    | app.auth.api:me:63 - 查询当前用户: guoxi
2026-08-06 12:54:23 | INFO     | app.api.chat_stream:chat_stream:88 - [chat/stream] user=guoxi query=美国站卖杯子的卖家 thread_id=2378dd42-0689-4c21-b74e-d893d81c7010
2026-08-06 12:54:25 | INFO     | app.api.chat_stream:_run_stream_graph:42 - [stream-graph] 开始: thread=2378dd42-0689-4c21-b74e-d893d81c7010 category=cups market=amazon.com
2026-08-06 12:54:25 | INFO     | app.agent.v2.nodes:check_quota:114 - [check_quota] user_id=8cc6c513-18d7-458a-ac9e-bef97fc4a8aa remaining=50 exhausted=False
2026-08-06 12:54:25 | INFO     | app.agent.v2.nodes:query_db:174 - [query_db] marketplace=amazon.com category=cups 复用 50/50
2026-08-06 12:54:25 | INFO     | app.agent.v2.nodes:acquire_if_needed:364 - [acquire_if_needed] sellers=50 remaining=50 round=0 last_new=0 enough=True
2026-08-06 12:54:31 | INFO     | app.agent.v2.nodes:score_sellers:405 - [score_sellers] 评分 50 个卖家
2026-08-06 12:54:50 | INFO     | app.api.chat_stream:_run_stream_graph:49 - [stream-graph] 完成: thread=2378dd42-0689-4c21-b74e-d893d81c7010
2026-08-06 12:55:22 | INFO     | app.api.chat_stream:chat_stream:88 - [chat/stream] user=guoxi query=美国站卖杯子的卖家 thread_id=2378dd42-0689-4c21-b74e-d893d81c7010
2026-08-06 12:55:23 | INFO     | app.api.chat_stream:_run_stream_graph:42 - [stream-graph] 开始: thread=2378dd42-0689-4c21-b74e-d893d81c7010 category=cups market=amazon.com
2026-08-06 12:55:23 | INFO     | app.agent.v2.nodes:check_quota:114 - [check_quota] user_id=8cc6c513-18d7-458a-ac9e-bef97fc4a8aa remaining=50 exhausted=False
2026-08-06 12:55:23 | INFO     | app.agent.v2.nodes:query_db:174 - [query_db] marketplace=amazon.com category=cups 复用 50/50
2026-08-06 12:55:23 | INFO     | app.agent.v2.nodes:acquire_if_needed:364 - [acquire_if_needed] sellers=50 remaining=50 round=0 last_new=0 enough=True
2026-08-06 12:55:30 | INFO     | app.api.chat_stream:cancel_stream:170 - [chat/stream] 已请求取消: thread=2378dd42-0689-4c21-b74e-d893d81c7010
2026-08-06 12:55:30 | INFO     | app.api.chat_stream:_run_stream_graph:51 - [stream-graph] 被用户取消: thread=2378dd42-0689-4c21-b74e-d893d81c7010
2026-08-06 12:55:32 | DEBUG    | app.auth.api:me:63 - 查询当前用户: guoxi
2026-08-06 13:04:19 | INFO     | app.auth.api:login:49 - 登录请求: username=lisi
2026-08-06 13:04:19 | INFO     | app.auth.api:login:57 - 登录成功: lisi (super=False)
2026-08-06 13:04:19 | DEBUG    | app.auth.security:create_access_token:22 - 签发 token: sub=6490f66e-bdef-4e69-b628-715d4160b341
2026-08-06 13:04:19 | DEBUG    | app.auth.api:me:63 - 查询当前用户: lisi
2026-08-06 13:04:19 | DEBUG    | app.auth.api:me:63 - 查询当前用户: lisi
2026-08-06 13:04:25 | INFO     | app.api.chat_stream:chat_stream:88 - [chat/stream] user=lisi query=美国站卖户外家具的FBA卖家 thread_id=8565685c-3147-48d6-8d36-6c3d2748627c
2026-08-06 13:04:27 | INFO     | app.api.chat_stream:_run_stream_graph:42 - [stream-graph] 开始: thread=8565685c-3147-48d6-8d36-6c3d2748627c category=outdoor furniture market=amazon.com
2026-08-06 13:04:27 | INFO     | app.agent.v2.nodes:check_quota:114 - [check_quota] user_id=6490f66e-bdef-4e69-b628-715d4160b341 remaining=10 exhausted=False
2026-08-06 13:04:27 | INFO     | app.agent.v2.nodes:query_db:174 - [query_db] marketplace=amazon.com category=outdoor furniture 复用 0/10
2026-08-06 13:04:27 | INFO     | app.agent.v2.nodes:acquire_if_needed:364 - [acquire_if_needed] sellers=0 remaining=10 round=0 last_new=0 enough=False
2026-08-06 13:05:20 | INFO     | app.main:lifespan:40 - 应用启动中...
2026-08-06 13:05:20 | INFO     | app.main:lifespan:42 - 应用启动完成，开始接收请求
2026-08-06 13:07:12 | INFO     | app.main:lifespan:44 - 应用关闭
2026-08-06 13:07:12 | INFO     | app.main:lifespan:40 - 应用启动中...
2026-08-06 13:07:12 | INFO     | app.main:lifespan:42 - 应用启动完成，开始接收请求
2026-08-06 13:07:24 | INFO     | app.main:lifespan:44 - 应用关闭
2026-08-06 13:07:24 | INFO     | app.main:lifespan:40 - 应用启动中...
2026-08-06 13:07:24 | INFO     | app.main:lifespan:42 - 应用启动完成，开始接收请求
2026-08-06 13:07:33 | INFO     | app.api.chat_stream:chat_stream:88 - [chat/stream] user=lisi query=美国站卖户外家具的FBA卖家 thread_id=8565685c-3147-48d6-8d36-6c3d2748627c
2026-08-06 13:07:34 | INFO     | app.api.chat_stream:_run_stream_graph:42 - [stream-graph] 开始: thread=8565685c-3147-48d6-8d36-6c3d2748627c category=outdoor furniture market=amazon.com
2026-08-06 13:07:34 | INFO     | app.agent.v2.nodes:check_quota:114 - [check_quota] user_id=6490f66e-bdef-4e69-b628-715d4160b341 remaining=10 exhausted=False
2026-08-06 13:07:34 | ERROR    | app.api.chat_stream:_run_stream_graph:66 - [stream-graph] 失败: thread=8565685c-3147-48d6-8d36-6c3d2748627c error=query_db 袂点未实现
2026-08-06 13:08:34 | INFO     | app.api.chat_stream:chat_stream:88 - [chat/stream] user=lisi query=美国站卖户外家具的FBA卖家 thread_id=8565685c-3147-48d6-8d36-6c3d2748627c
2026-08-06 13:08:35 | INFO     | app.api.chat_stream:_run_stream_graph:42 - [stream-graph] 开始: thread=8565685c-3147-48d6-8d36-6c3d2748627c category=outdoor furniture market=amazon.com
2026-08-06 13:08:35 | INFO     | app.agent.v2.nodes:check_quota:114 - [check_quota] user_id=6490f66e-bdef-4e69-b628-715d4160b341 remaining=10 exhausted=False
2026-08-06 13:08:35 | ERROR    | app.api.chat_stream:_run_stream_graph:66 - [stream-graph] 失败: thread=8565685c-3147-48d6-8d36-6c3d2748627c error=query_db 袂点未实现
2026-08-06 13:08:39 | INFO     | app.api.chat_stream:chat_stream:88 - [chat/stream] user=lisi query=美国站卖户外家具的FBA卖家 thread_id=8565685c-3147-48d6-8d36-6c3d2748627c
2026-08-06 13:08:40 | INFO     | app.memory.compressor:maybe_compress:107 - [compressor] 触发压缩: session=8565685c-3147-48d6-8d36-6c3d2748627c
2026-08-06 13:08:42 | INFO     | app.api.chat_stream:_run_stream_graph:42 - [stream-graph] 开始: thread=8565685c-3147-48d6-8d36-6c3d2748627c category=outdoor furniture market=amazon.com
2026-08-06 13:08:42 | INFO     | app.agent.v2.nodes:check_quota:114 - [check_quota] user_id=6490f66e-bdef-4e69-b628-715d4160b341 remaining=10 exhausted=False
2026-08-06 13:08:42 | ERROR    | app.api.chat_stream:_run_stream_graph:66 - [stream-graph] 失败: thread=8565685c-3147-48d6-8d36-6c3d2748627c error=query_db 袂点未实现
2026-08-06 13:12:07 | INFO     | app.main:lifespan:44 - 应用关闭
2026-08-06 13:12:07 | INFO     | app.main:lifespan:40 - 应用启动中...
2026-08-06 13:12:07 | INFO     | app.main:lifespan:42 - 应用启动完成，开始接收请求
2026-08-06 13:12:26 | INFO     | app.main:lifespan:44 - 应用关闭
2026-08-06 13:12:27 | INFO     | app.main:lifespan:40 - 应用启动中...
2026-08-06 13:12:27 | INFO     | app.main:lifespan:42 - 应用启动完成，开始接收请求
2026-08-06 13:12:27 | INFO     | app.main:lifespan:44 - 应用关闭
2026-08-06 13:12:27 | INFO     | app.main:lifespan:40 - 应用启动中...
2026-08-06 13:12:27 | INFO     | app.main:lifespan:42 - 应用启动完成，开始接收请求
2026-08-06 13:12:28 | INFO     | app.main:lifespan:44 - 应用关闭
2026-08-06 13:12:28 | INFO     | app.main:lifespan:40 - 应用启动中...
2026-08-06 13:12:29 | INFO     | app.main:lifespan:42 - 应用启动完成，开始接收请求
2026-08-06 13:12:29 | INFO     | app.main:lifespan:44 - 应用关闭
2026-08-06 13:12:29 | INFO     | app.main:lifespan:40 - 应用启动中...
2026-08-06 13:12:29 | INFO     | app.main:lifespan:42 - 应用启动完成，开始接收请求
2026-08-06 13:14:00 | INFO     | app.api.chat_stream:chat_stream:88 - [chat/stream] user=lisi query=美国站卖户外家具的FBA卖家 thread_id=8565685c-3147-48d6-8d36-6c3d2748627c
2026-08-06 13:14:03 | INFO     | app.api.chat_stream:_run_stream_graph:42 - [stream-graph] 开始: thread=8565685c-3147-48d6-8d36-6c3d2748627c category=outdoor furniture market=amazon.com
2026-08-06 13:14:03 | INFO     | app.agent.v2.nodes:check_quota:141 - [check_quota] user_id=6490f66e-bdef-4e69-b628-715d4160b341 remaining=10 exhausted=False
2026-08-06 13:14:03 | ERROR    | app.api.chat_stream:_run_stream_graph:66 - [stream-graph] 失败: thread=8565685c-3147-48d6-8d36-6c3d2748627c error=query_db 袂点未实现
2026-08-06 13:14:06 | INFO     | app.api.chat_stream:chat_stream:88 - [chat/stream] user=lisi query=美国站卖户外家具的FBA卖家 thread_id=8565685c-3147-48d6-8d36-6c3d2748627c
2026-08-06 13:14:07 | INFO     | app.api.chat_stream:_run_stream_graph:42 - [stream-graph] 开始: thread=8565685c-3147-48d6-8d36-6c3d2748627c category=outdoor furniture market=amazon.com
2026-08-06 13:14:07 | INFO     | app.agent.v2.nodes:check_quota:141 - [check_quota] user_id=6490f66e-bdef-4e69-b628-715d4160b341 remaining=10 exhausted=False
2026-08-06 13:14:07 | ERROR    | app.api.chat_stream:_run_stream_graph:66 - [stream-graph] 失败: thread=8565685c-3147-48d6-8d36-6c3d2748627c error=query_db 袂点未实现
2026-08-06 13:14:26 | DEBUG    | app.auth.api:me:63 - 查询当前用户: lisi
2026-08-06 13:14:29 | INFO     | app.api.chat_stream:chat_stream:88 - [chat/stream] user=lisi query=美国站卖户外家具的FBA卖家 thread_id=8565685c-3147-48d6-8d36-6c3d2748627c
2026-08-06 13:14:30 | INFO     | app.api.chat_stream:_run_stream_graph:42 - [stream-graph] 开始: thread=8565685c-3147-48d6-8d36-6c3d2748627c category=outdoor furniture market=amazon.com
2026-08-06 13:14:30 | INFO     | app.agent.v2.nodes:check_quota:141 - [check_quota] user_id=6490f66e-bdef-4e69-b628-715d4160b341 remaining=10 exhausted=False
2026-08-06 13:14:30 | ERROR    | app.api.chat_stream:_run_stream_graph:66 - [stream-graph] 失败: thread=8565685c-3147-48d6-8d36-6c3d2748627c error=query_db 袂点未实现
2026-08-06 13:17:14 | INFO     | app.main:lifespan:44 - 应用关闭
2026-08-06 13:17:15 | INFO     | app.main:lifespan:40 - 应用启动中...
2026-08-06 13:17:15 | INFO     | app.main:lifespan:42 - 应用启动完成，开始接收请求
2026-08-06 13:20:34 | INFO     | app.auth.api:login:49 - 登录请求: username=guoxi
2026-08-06 13:20:34 | INFO     | app.auth.api:login:57 - 登录成功: guoxi (super=True)
2026-08-06 13:20:34 | DEBUG    | app.auth.security:create_access_token:22 - 签发 token: sub=8cc6c513-18d7-458a-ac9e-bef97fc4a8aa
2026-08-06 13:20:34 | INFO     | app.api.chat_stream:chat_stream:88 - [chat/stream] user=guoxi query=cups thread_id=None
2026-08-06 13:20:36 | INFO     | app.api.chat_stream:chat_stream:92 - [chat/stream] HITL: missing=['目标市场']
2026-08-06 13:20:50 | INFO     | app.auth.api:login:49 - 登录请求: username=guoxi
2026-08-06 13:20:51 | INFO     | app.auth.api:login:57 - 登录成功: guoxi (super=True)
2026-08-06 13:20:51 | DEBUG    | app.auth.security:create_access_token:22 - 签发 token: sub=8cc6c513-18d7-458a-ac9e-bef97fc4a8aa
2026-08-06 13:20:51 | INFO     | app.api.chat_stream:chat_stream:88 - [chat/stream] user=guoxi query=美国站卖 cups 的卖家 thread_id=None
2026-08-06 13:20:52 | INFO     | app.api.chat_stream:_run_stream_graph:42 - [stream-graph] 开始: thread=87fdd3bf-1f20-4a71-ba77-a149d16b75b9 category=cups market=amazon.com
2026-08-06 13:20:52 | INFO     | app.agent.v2.nodes:update_progress:65 - [progress] step=check_quota total=1 msg=本月剩余额度 50 个卖家
2026-08-06 13:20:52 | INFO     | app.agent.v2.nodes:check_quota:142 - [check_quota] user_id=8cc6c513-18d7-458a-ac9e-bef97fc4a8aa remaining=50 exhausted=False
2026-08-06 13:20:52 | INFO     | app.agent.v2.nodes:update_progress:65 - [progress] step=query_db total=2 msg=查询库存（目标 50）…
2026-08-06 13:20:52 | ERROR    | app.api.chat_stream:_run_stream_graph:66 - [stream-graph] 失败: thread=87fdd3bf-1f20-4a71-ba77-a149d16b75b9 error=query_db 袂点未实现
2026-08-06 13:23:55 | INFO     | app.main:lifespan:44 - 应用关闭
2026-08-06 13:23:56 | INFO     | app.main:lifespan:40 - 应用启动中...
2026-08-06 13:23:56 | INFO     | app.main:lifespan:42 - 应用启动完成，开始接收请求
2026-08-06 13:24:19 | INFO     | app.auth.api:login:49 - 登录请求: username=guoxi
2026-08-06 13:24:20 | INFO     | app.auth.api:login:57 - 登录成功: guoxi (super=True)
2026-08-06 13:24:20 | DEBUG    | app.auth.security:create_access_token:22 - 签发 token: sub=8cc6c513-18d7-458a-ac9e-bef97fc4a8aa
2026-08-06 13:24:20 | INFO     | app.api.chat_stream:chat_stream:88 - [chat/stream] user=guoxi query=美国站卖 cups 的卖家 thread_id=None
2026-08-06 13:24:21 | INFO     | app.api.chat_stream:_run_stream_graph:42 - [stream-graph] 开始: thread=7fd86466-cacb-43c1-ace3-a408383489f6 category=cups market=amazon.com
2026-08-06 13:24:21 | INFO     | app.agent.v2.nodes:update_progress:65 - [progress] step=check_quota total=1 msg=本月剩余额度 50 个卖家
2026-08-06 13:24:21 | INFO     | app.agent.v2.nodes:check_quota:142 - [check_quota] user_id=8cc6c513-18d7-458a-ac9e-bef97fc4a8aa remaining=50 exhausted=False
2026-08-06 13:24:21 | INFO     | app.agent.v2.nodes:update_progress:65 - [progress] step=query_db total=2 msg=查询库存（目标 50）…
2026-08-06 13:24:21 | INFO     | app.agent.v2.nodes:query_db:202 - [query_db] marketplace=amazon.com category=cups 复用 50/50
2026-08-06 13:24:21 | INFO     | app.agent.v2.nodes:update_progress:65 - [progress] step=query_db total=3 msg=库存可复用 50 / 目标 50
2026-08-06 13:24:21 | INFO     | app.agent.v2.nodes:update_progress:65 - [progress] step=acquire_if_needed total=4 msg=库存够，进入分析
2026-08-06 13:24:21 | INFO     | app.agent.v2.nodes:acquire_if_needed:392 - [acquire_if_needed] sellers=50 remaining=50 round=0 last_new=0 enough=True
2026-08-06 13:24:21 | INFO     | app.agent.v2.nodes:update_progress:65 - [progress] step=llm_analysis total=5 msg=正在生成卖家画像…
2026-08-06 13:24:28 | INFO     | app.agent.v2.nodes:update_progress:65 - [progress] step=llm_analysis total=6 msg=画像生成完成
2026-08-06 13:24:28 | INFO     | app.agent.v2.nodes:score_sellers:433 - [score_sellers] 评分 50 个卖家
2026-08-06 13:24:28 | INFO     | app.agent.v2.nodes:update_progress:65 - [progress] step=score_sellers total=7 msg=正在评分排序…
2026-08-06 13:24:28 | INFO     | app.agent.v2.nodes:update_progress:65 - [progress] step=score_sellers total=8 msg=评分完成，top1=94
2026-08-06 13:24:28 | INFO     | app.agent.v2.nodes:update_progress:65 - [progress] step=output_result total=9 msg=正在生成最终分析，共 50 个卖家…
2026-08-06 13:24:47 | INFO     | app.agent.v2.nodes:update_progress:65 - [progress] step=output_result total=10 msg=分析完成
2026-08-06 13:24:47 | INFO     | app.api.chat_stream:_run_stream_graph:49 - [stream-graph] 完成: thread=7fd86466-cacb-43c1-ace3-a408383489f6
2026-08-06 13:25:13 | INFO     | app.main:lifespan:44 - 应用关闭
2026-08-06 13:25:14 | INFO     | app.main:lifespan:40 - 应用启动中...
2026-08-06 13:25:14 | INFO     | app.main:lifespan:42 - 应用启动完成，开始接收请求
2026-08-06 13:25:14 | INFO     | app.main:lifespan:44 - 应用关闭
2026-08-06 13:25:15 | INFO     | app.main:lifespan:40 - 应用启动中...
2026-08-06 13:25:15 | INFO     | app.main:lifespan:42 - 应用启动完成，开始接收请求
2026-08-06 13:25:20 | INFO     | app.api.chat_stream:chat_stream:88 - [chat/stream] user=lisi query=美国站卖户外家具的FBA卖家 thread_id=8565685c-3147-48d6-8d36-6c3d2748627c
2026-08-06 13:25:22 | INFO     | app.api.chat_stream:_run_stream_graph:42 - [stream-graph] 开始: thread=8565685c-3147-48d6-8d36-6c3d2748627c category=outdoor furniture market=amazon.com
2026-08-06 13:25:22 | INFO     | app.agent.v2.nodes:update_progress:65 - [progress] step=check_quota total=1 msg=本月剩余额度 10 个卖家
2026-08-06 13:25:22 | INFO     | app.agent.v2.nodes:check_quota:142 - [check_quota] user_id=6490f66e-bdef-4e69-b628-715d4160b341 remaining=10 exhausted=False
2026-08-06 13:25:22 | INFO     | app.agent.v2.nodes:update_progress:65 - [progress] step=query_db total=2 msg=查询库存（目标 10）…
2026-08-06 13:25:22 | ERROR    | app.api.chat_stream:_run_stream_graph:66 - [stream-graph] 失败: thread=8565685c-3147-48d6-8d36-6c3d2748627c error=query_db 袂点未实现
2026-08-06 13:25:25 | INFO     | app.api.chat_stream:chat_stream:88 - [chat/stream] user=lisi query=美国站卖户外家具的FBA卖家 thread_id=8565685c-3147-48d6-8d36-6c3d2748627c
2026-08-06 13:25:26 | INFO     | app.api.chat_stream:_run_stream_graph:42 - [stream-graph] 开始: thread=8565685c-3147-48d6-8d36-6c3d2748627c category=outdoor furniture market=amazon.com
2026-08-06 13:25:26 | INFO     | app.agent.v2.nodes:update_progress:65 - [progress] step=check_quota total=1 msg=本月剩余额度 10 个卖家
2026-08-06 13:25:26 | INFO     | app.agent.v2.nodes:check_quota:142 - [check_quota] user_id=6490f66e-bdef-4e69-b628-715d4160b341 remaining=10 exhausted=False
2026-08-06 13:25:26 | INFO     | app.agent.v2.nodes:update_progress:65 - [progress] step=query_db total=2 msg=查询库存（目标 10）…
2026-08-06 13:25:26 | ERROR    | app.api.chat_stream:_run_stream_graph:66 - [stream-graph] 失败: thread=8565685c-3147-48d6-8d36-6c3d2748627c error=query_db 袂点未实现
2026-08-06 13:25:35 | DEBUG    | app.auth.api:me:63 - 查询当前用户: lisi
2026-08-06 13:25:41 | INFO     | app.api.chat_stream:chat_stream:88 - [chat/stream] user=lisi query=美国站卖户外家具的FBA卖家 thread_id=8565685c-3147-48d6-8d36-6c3d2748627c
2026-08-06 13:25:42 | INFO     | app.memory.compressor:maybe_compress:107 - [compressor] 触发压缩: session=8565685c-3147-48d6-8d36-6c3d2748627c
2026-08-06 13:25:44 | INFO     | app.api.chat_stream:_run_stream_graph:42 - [stream-graph] 开始: thread=8565685c-3147-48d6-8d36-6c3d2748627c category=outdoor furniture market=amazon.com
2026-08-06 13:25:44 | INFO     | app.agent.v2.nodes:update_progress:65 - [progress] step=check_quota total=1 msg=本月剩余额度 10 个卖家
2026-08-06 13:25:44 | INFO     | app.agent.v2.nodes:check_quota:142 - [check_quota] user_id=6490f66e-bdef-4e69-b628-715d4160b341 remaining=10 exhausted=False
2026-08-06 13:25:44 | INFO     | app.agent.v2.nodes:update_progress:65 - [progress] step=query_db total=2 msg=查询库存（目标 10）…
2026-08-06 13:25:44 | ERROR    | app.api.chat_stream:_run_stream_graph:66 - [stream-graph] 失败: thread=8565685c-3147-48d6-8d36-6c3d2748627c error=query_db 袂点未实现
2026-08-06 13:26:11 | INFO     | app.main:lifespan:44 - 应用关闭
2026-08-06 13:26:12 | INFO     | app.main:lifespan:40 - 应用启动中...
2026-08-06 13:26:12 | INFO     | app.main:lifespan:42 - 应用启动完成，开始接收请求
2026-08-06 13:26:12 | INFO     | app.main:lifespan:44 - 应用关闭
2026-08-06 13:26:12 | INFO     | app.main:lifespan:40 - 应用启动中...
2026-08-06 13:26:12 | INFO     | app.main:lifespan:42 - 应用启动完成，开始接收请求
2026-08-06 13:26:19 | INFO     | app.api.chat_stream:chat_stream:88 - [chat/stream] user=lisi query=美国站卖户外家具的FBA卖家 thread_id=8565685c-3147-48d6-8d36-6c3d2748627c
2026-08-06 13:26:21 | INFO     | app.api.chat_stream:_run_stream_graph:42 - [stream-graph] 开始: thread=8565685c-3147-48d6-8d36-6c3d2748627c category=outdoor furniture market=amazon.com
2026-08-06 13:26:21 | INFO     | app.agent.v2.nodes:update_progress:65 - [progress] step=check_quota total=1 msg=本月剩余额度 10 个卖家
2026-08-06 13:26:21 | INFO     | app.agent.v2.nodes:check_quota:142 - [check_quota] user_id=6490f66e-bdef-4e69-b628-715d4160b341 remaining=10 exhausted=False
2026-08-06 13:26:21 | INFO     | app.agent.v2.nodes:update_progress:65 - [progress] step=query_db total=2 msg=查询库存（目标 10）…
2026-08-06 13:26:21 | ERROR    | app.api.chat_stream:_run_stream_graph:66 - [stream-graph] 失败: thread=8565685c-3147-48d6-8d36-6c3d2748627c error=query_db 袂点未实现
2026-08-06 13:26:24 | INFO     | app.api.chat_stream:chat_stream:88 - [chat/stream] user=lisi query=美国站卖户外家具的FBA卖家 thread_id=8565685c-3147-48d6-8d36-6c3d2748627c
2026-08-06 13:26:24 | INFO     | app.api.chat_stream:_run_stream_graph:42 - [stream-graph] 开始: thread=8565685c-3147-48d6-8d36-6c3d2748627c category=outdoor furniture market=amazon.com
2026-08-06 13:26:24 | INFO     | app.agent.v2.nodes:update_progress:65 - [progress] step=check_quota total=1 msg=本月剩余额度 10 个卖家
2026-08-06 13:26:24 | INFO     | app.agent.v2.nodes:check_quota:142 - [check_quota] user_id=6490f66e-bdef-4e69-b628-715d4160b341 remaining=10 exhausted=False
2026-08-06 13:26:24 | INFO     | app.agent.v2.nodes:update_progress:65 - [progress] step=query_db total=2 msg=查询库存（目标 10）…
2026-08-06 13:26:24 | ERROR    | app.api.chat_stream:_run_stream_graph:66 - [stream-graph] 失败: thread=8565685c-3147-48d6-8d36-6c3d2748627c error=query_db 袂点未实现
2026-08-06 13:29:48 | INFO     | app.main:lifespan:44 - 应用关闭
2026-08-06 13:29:48 | INFO     | app.main:lifespan:40 - 应用启动中...
2026-08-06 13:29:48 | INFO     | app.main:lifespan:42 - 应用启动完成，开始接收请求
2026-08-06 13:30:52 | INFO     | app.main:lifespan:44 - 应用关闭
2026-08-06 13:30:53 | INFO     | app.main:lifespan:40 - 应用启动中...
2026-08-06 13:30:53 | INFO     | app.main:lifespan:42 - 应用启动完成，开始接收请求
2026-08-06 13:31:07 | INFO     | app.auth.api:login:49 - 登录请求: username=guoxi
2026-08-06 13:31:07 | INFO     | app.auth.api:login:57 - 登录成功: guoxi (super=True)
2026-08-06 13:31:07 | DEBUG    | app.auth.security:create_access_token:22 - 签发 token: sub=8cc6c513-18d7-458a-ac9e-bef97fc4a8aa
2026-08-06 13:31:07 | INFO     | app.api.chat_stream:chat_stream:85 - [chat/stream] user=guoxi query=美国站卖 cups 的卖家 thread_id=None
2026-08-06 13:31:09 | INFO     | app.api.chat_stream:_run_stream_graph:42 - [stream-graph] 开始: thread=50edb382-2c68-47bf-927d-173ccf2d1a1b category=cups market=amazon.com
2026-08-06 13:31:09 | INFO     | app.agent.v2.nodes:check_quota:114 - [check_quota] user_id=8cc6c513-18d7-458a-ac9e-bef97fc4a8aa remaining=50 exhausted=False
2026-08-06 13:31:09 | ERROR    | app.api.chat_stream:_run_stream_graph:66 - [stream-graph] 失败: thread=50edb382-2c68-47bf-927d-173ccf2d1a1b error=query_db 袂点未实现
2026-08-06 13:32:22 | INFO     | app.auth.api:login:49 - 登录请求: username=guoxi
2026-08-06 13:32:22 | INFO     | app.auth.api:login:57 - 登录成功: guoxi (super=True)
2026-08-06 13:32:22 | DEBUG    | app.auth.security:create_access_token:22 - 签发 token: sub=8cc6c513-18d7-458a-ac9e-bef97fc4a8aa
2026-08-06 13:32:22 | INFO     | app.api.chat_stream:chat_stream:85 - [chat/stream] user=guoxi query=美国站卖 cups 的卖家 thread_id=None
2026-08-06 13:32:23 | INFO     | app.api.chat_stream:_run_stream_graph:42 - [stream-graph] 开始: thread=a5afe918-5201-4cb3-b056-98e6984bc1c1 category=cups market=amazon.com
2026-08-06 13:32:23 | INFO     | app.agent.v2.nodes:check_quota:114 - [check_quota] user_id=8cc6c513-18d7-458a-ac9e-bef97fc4a8aa remaining=50 exhausted=False
2026-08-06 13:32:23 | ERROR    | app.api.chat_stream:_run_stream_graph:66 - [stream-graph] 失败: thread=a5afe918-5201-4cb3-b056-98e6984bc1c1 error=query_db 袂点未实现
2026-08-06 13:34:08 | INFO     | app.main:lifespan:44 - 应用关闭
2026-08-06 13:34:08 | INFO     | app.main:lifespan:40 - 应用启动中...
2026-08-06 13:34:08 | INFO     | app.main:lifespan:42 - 应用启动完成，开始接收请求
2026-08-06 13:34:46 | INFO     | app.auth.api:login:49 - 登录请求: username=guoxi
2026-08-06 13:34:46 | INFO     | app.auth.api:login:57 - 登录成功: guoxi (super=True)
2026-08-06 13:34:46 | DEBUG    | app.auth.security:create_access_token:22 - 签发 token: sub=8cc6c513-18d7-458a-ac9e-bef97fc4a8aa
2026-08-06 13:34:46 | INFO     | app.api.chat_stream:chat_stream:85 - [chat/stream] user=guoxi query=美国站卖 cups 的卖家 thread_id=None
2026-08-06 13:34:48 | INFO     | app.api.chat_stream:_run_stream_graph:42 - [stream-graph] 开始: thread=ca097c4f-eb61-4a4d-a05e-8edffd162f00 category=cups market=amazon.com
2026-08-06 13:34:48 | INFO     | app.agent.v2.nodes:check_quota:114 - [check_quota] user_id=8cc6c513-18d7-458a-ac9e-bef97fc4a8aa remaining=50 exhausted=False
2026-08-06 13:34:48 | INFO     | app.agent.v2.nodes:query_db:175 - [query_db] marketplace=amazon.com category=cups 复用 50/50
2026-08-06 13:34:48 | INFO     | app.agent.v2.nodes:acquire_if_needed:365 - [acquire_if_needed] sellers=50 remaining=50 round=0 last_new=0 enough=True
2026-08-06 13:34:55 | INFO     | app.agent.v2.nodes:score_sellers:406 - [score_sellers] 评分 50 个卖家
2026-08-06 13:35:13 | INFO     | app.api.chat_stream:_run_stream_graph:49 - [stream-graph] 完成: thread=ca097c4f-eb61-4a4d-a05e-8edffd162f00
2026-08-06 13:37:11 | INFO     | app.main:lifespan:44 - 应用关闭
2026-08-06 13:37:12 | INFO     | app.main:lifespan:40 - 应用启动中...
2026-08-06 13:37:12 | INFO     | app.main:lifespan:42 - 应用启动完成，开始接收请求
2026-08-06 13:37:38 | INFO     | app.main:lifespan:44 - 应用关闭
2026-08-06 13:37:39 | INFO     | app.main:lifespan:40 - 应用启动中...
2026-08-06 13:37:39 | INFO     | app.main:lifespan:42 - 应用启动完成，开始接收请求
2026-08-06 13:37:39 | INFO     | app.main:lifespan:44 - 应用关闭
2026-08-06 13:37:40 | INFO     | app.main:lifespan:40 - 应用启动中...
2026-08-06 13:37:40 | INFO     | app.main:lifespan:42 - 应用启动完成，开始接收请求
2026-08-06 13:37:40 | INFO     | app.main:lifespan:44 - 应用关闭
2026-08-06 13:37:41 | INFO     | app.main:lifespan:40 - 应用启动中...
2026-08-06 13:37:41 | INFO     | app.main:lifespan:42 - 应用启动完成，开始接收请求
2026-08-06 13:37:41 | INFO     | app.main:lifespan:44 - 应用关闭
2026-08-06 13:37:42 | INFO     | app.main:lifespan:40 - 应用启动中...
2026-08-06 13:37:42 | INFO     | app.main:lifespan:42 - 应用启动完成，开始接收请求
2026-08-06 13:38:23 | INFO     | app.auth.api:login:49 - 登录请求: username=guoxi
2026-08-06 13:38:23 | INFO     | app.auth.api:login:57 - 登录成功: guoxi (super=True)
2026-08-06 13:38:23 | DEBUG    | app.auth.security:create_access_token:22 - 签发 token: sub=8cc6c513-18d7-458a-ac9e-bef97fc4a8aa
2026-08-06 13:38:23 | INFO     | app.api.chat_stream:chat_stream:85 - [chat/stream] user=guoxi query=美国站卖 cups 的卖家 thread_id=None
2026-08-06 13:38:25 | INFO     | app.api.chat_stream:_run_stream_graph:42 - [stream-graph] 开始: thread=fc07af9e-f0b1-4b24-be3f-0c09d5a959c0 category=cups market=amazon.com
2026-08-06 13:38:25 | INFO     | app.agent.v2.nodes:update_progress:65 - [progress] step=check_quota total=1 msg=本月剩余额度 50 个卖家
2026-08-06 13:38:25 | INFO     | app.agent.v2.nodes:check_quota:142 - [check_quota] user_id=8cc6c513-18d7-458a-ac9e-bef97fc4a8aa remaining=50 exhausted=False
2026-08-06 13:38:25 | INFO     | app.agent.v2.nodes:update_progress:65 - [progress] step=query_db total=2 msg=查询库存（目标 50）…
2026-08-06 13:38:25 | INFO     | app.agent.v2.nodes:query_db:203 - [query_db] marketplace=amazon.com category=cups 复用 50/50
2026-08-06 13:38:25 | INFO     | app.agent.v2.nodes:update_progress:65 - [progress] step=query_db total=3 msg=库存可复用 50 / 目标 50
2026-08-06 13:38:25 | INFO     | app.agent.v2.nodes:update_progress:65 - [progress] step=acquire_if_needed total=4 msg=库存够，进入分析
2026-08-06 13:38:25 | INFO     | app.agent.v2.nodes:acquire_if_needed:393 - [acquire_if_needed] sellers=50 remaining=50 round=0 last_new=0 enough=True
2026-08-06 13:38:25 | INFO     | app.agent.v2.nodes:update_progress:65 - [progress] step=llm_analysis total=5 msg=正在生成卖家画像…
2026-08-06 13:38:33 | INFO     | app.agent.v2.nodes:update_progress:65 - [progress] step=llm_analysis total=6 msg=画像生成完成
2026-08-06 13:38:33 | INFO     | app.agent.v2.nodes:score_sellers:434 - [score_sellers] 评分 50 个卖家
2026-08-06 13:38:33 | INFO     | app.agent.v2.nodes:update_progress:65 - [progress] step=score_sellers total=7 msg=正在评分排序…
2026-08-06 13:38:33 | INFO     | app.agent.v2.nodes:update_progress:65 - [progress] step=score_sellers total=8 msg=评分完成，top1=94
2026-08-06 13:38:33 | INFO     | app.agent.v2.nodes:update_progress:65 - [progress] step=output_result total=9 msg=正在生成最终分析，共 50 个卖家…
2026-08-06 13:38:51 | INFO     | app.agent.v2.nodes:update_progress:65 - [progress] step=output_result total=10 msg=分析完成
2026-08-06 13:38:51 | INFO     | app.api.chat_stream:_run_stream_graph:49 - [stream-graph] 完成: thread=fc07af9e-f0b1-4b24-be3f-0c09d5a959c0
2026-08-06 13:39:42 | INFO     | app.api.chat_stream:chat_stream:85 - [chat/stream] user=lisi query=美国站卖户外家具的FBA卖家 thread_id=8565685c-3147-48d6-8d36-6c3d2748627c
2026-08-06 13:39:43 | INFO     | app.api.chat_stream:_run_stream_graph:42 - [stream-graph] 开始: thread=8565685c-3147-48d6-8d36-6c3d2748627c category=outdoor furniture market=amazon.com
2026-08-06 13:39:43 | INFO     | app.agent.v2.nodes:update_progress:65 - [progress] step=check_quota total=1 msg=本月剩余额度 10 个卖家
2026-08-06 13:39:43 | INFO     | app.agent.v2.nodes:check_quota:142 - [check_quota] user_id=6490f66e-bdef-4e69-b628-715d4160b341 remaining=10 exhausted=False
2026-08-06 13:39:43 | INFO     | app.agent.v2.nodes:update_progress:65 - [progress] step=query_db total=2 msg=查询库存（目标 10）…
2026-08-06 13:39:43 | INFO     | app.agent.v2.nodes:query_db:203 - [query_db] marketplace=amazon.com category=outdoor furniture 复用 0/10
2026-08-06 13:39:43 | INFO     | app.agent.v2.nodes:update_progress:65 - [progress] step=query_db total=3 msg=库存可复用 0 / 目标 10
2026-08-06 13:39:43 | INFO     | app.agent.v2.nodes:update_progress:65 - [progress] step=acquire_if_needed total=4 msg=库存不足（0/10），触发采集
2026-08-06 13:39:43 | INFO     | app.agent.v2.nodes:acquire_if_needed:393 - [acquire_if_needed] sellers=0 remaining=10 round=0 last_new=0 enough=False
2026-08-06 13:39:43 | INFO     | app.agent.v2.nodes:update_progress:65 - [progress] step=call_actors total=5 msg=第 1 轮采集（抓 1000 产品）…
2026-08-06 13:40:10 | INFO     | app.main:lifespan:40 - 应用启动中...
2026-08-06 13:40:10 | INFO     | app.main:lifespan:42 - 应用启动完成，开始接收请求
2026-08-06 13:40:13 | DEBUG    | app.auth.api:me:63 - 查询当前用户: lisi
2026-08-06 13:40:31 | DEBUG    | app.auth.api:me:63 - 查询当前用户: lisi
